    Finished `release` profile [optimized + debuginfo] target(s) in 0.07s
    Finished `release` profile [optimized + debuginfo] target(s) in 0.07s
     Running `fuzz/target/x86_64-unknown-linux-gnu/release/canonical_round_trip -artifact_prefix=/home/brianklam/Desktop/liminal/fuzz/artifacts/canonical_round_trip/ -max_total_time=1800 -seed=20260725 -rss_limit_mb=4096 -print_final_stats=1 /home/brianklam/Desktop/liminal/fuzz/corpus/canonical_round_trip`
INFO: Running with entropic power schedule (0xFF, 100).
INFO: Seed: 20260725
INFO: Loaded 1 modules   (33163 inline 8-bit counters): 33163 [0x558189638da0, 0x558189640f2b), 
INFO: Loaded 1 PC tables (33163 PCs): 33163 [0x558189640f30,0x5581896c27e0), 
INFO:    12110 files found in /home/brianklam/Desktop/liminal/fuzz/corpus/canonical_round_trip
INFO: -max_len is not provided; libFuzzer will not generate inputs larger than 4096 bytes
INFO: seed corpus: files: 12110 min: 1b max: 4062b total: 4689021b rss: 48Mb
#4096	pulse  cov: 4403 ft: 14016 corp: 1019/23Kb exec/s: 2048 rss: 352Mb
#8192	pulse  cov: 5283 ft: 20508 corp: 2112/194Kb exec/s: 910 rss: 522Mb
#12111	INITED cov: 5685 ft: 26998 corp: 3583/1866Kb exec/s: 121 rss: 529Mb
#13056	REDUCE cov: 5685 ft: 26998 corp: 3583/1866Kb lim: 4073 exec/s: 120 rss: 529Mb L: 260/4062 MS: 5 ChangeBinInt-ChangeBit-CMP-ChangeBinInt-EraseBytes- DE: "\030\000\000\000\000\000\000\000"-
#13072	REDUCE cov: 5685 ft: 26998 corp: 3583/1866Kb lim: 4073 exec/s: 119 rss: 529Mb L: 75/4062 MS: 1 EraseBytes-
#13224	REDUCE cov: 5685 ft: 26998 corp: 3583/1866Kb lim: 4073 exec/s: 120 rss: 529Mb L: 2856/4062 MS: 2 ChangeByte-EraseBytes-
#13575	REDUCE cov: 5685 ft: 26998 corp: 3583/1866Kb lim: 4073 exec/s: 119 rss: 546Mb L: 30/4062 MS: 1 EraseBytes-
#14036	REDUCE cov: 5685 ft: 26998 corp: 3583/1866Kb lim: 4073 exec/s: 118 rss: 546Mb L: 228/4062 MS: 1 EraseBytes-
#14207	REDUCE cov: 5685 ft: 26998 corp: 3583/1866Kb lim: 4073 exec/s: 118 rss: 546Mb L: 249/4062 MS: 1 EraseBytes-
#14293	REDUCE cov: 5685 ft: 26998 corp: 3583/1866Kb lim: 4073 exec/s: 119 rss: 546Mb L: 922/4062 MS: 1 EraseBytes-
#14910	REDUCE cov: 5685 ft: 26998 corp: 3583/1866Kb lim: 4073 exec/s: 119 rss: 546Mb L: 856/4062 MS: 2 InsertRepeatedBytes-EraseBytes-
#15033	REDUCE cov: 5685 ft: 26998 corp: 3583/1866Kb lim: 4073 exec/s: 120 rss: 546Mb L: 152/4062 MS: 3 ChangeBinInt-ChangeASCIIInt-EraseBytes-
#15209	REDUCE cov: 5685 ft: 26998 corp: 3583/1866Kb lim: 4073 exec/s: 118 rss: 546Mb L: 70/4062 MS: 1 EraseBytes-
#15402	NEW    cov: 5685 ft: 27000 corp: 3584/1868Kb lim: 4073 exec/s: 118 rss: 546Mb L: 2105/4062 MS: 3 ChangeByte-ShuffleBytes-ShuffleBytes-
#16344	REDUCE cov: 5685 ft: 27000 corp: 3584/1868Kb lim: 4073 exec/s: 118 rss: 546Mb L: 274/4062 MS: 2 ChangeByte-EraseBytes-
#16384	pulse  cov: 5685 ft: 27000 corp: 3584/1868Kb lim: 4073 exec/s: 118 rss: 546Mb
#16840	REDUCE cov: 5685 ft: 27000 corp: 3584/1868Kb lim: 4073 exec/s: 120 rss: 546Mb L: 41/4062 MS: 1 EraseBytes-
#17596	REDUCE cov: 5685 ft: 27000 corp: 3584/1868Kb lim: 4073 exec/s: 118 rss: 554Mb L: 38/4062 MS: 1 EraseBytes-
#17617	REDUCE cov: 5685 ft: 27000 corp: 3584/1868Kb lim: 4073 exec/s: 117 rss: 554Mb L: 178/4062 MS: 1 EraseBytes-
#19573	REDUCE cov: 5685 ft: 27000 corp: 3584/1868Kb lim: 4084 exec/s: 113 rss: 554Mb L: 243/4062 MS: 1 EraseBytes-
#19619	REDUCE cov: 5685 ft: 27000 corp: 3584/1868Kb lim: 4084 exec/s: 112 rss: 554Mb L: 270/4062 MS: 1 EraseBytes-
#20355	REDUCE cov: 5685 ft: 27000 corp: 3584/1868Kb lim: 4084 exec/s: 112 rss: 554Mb L: 485/4062 MS: 1 EraseBytes-
#20497	REDUCE cov: 5685 ft: 27000 corp: 3584/1868Kb lim: 4084 exec/s: 113 rss: 554Mb L: 17/4062 MS: 2 ChangeByte-EraseBytes-
#20641	REDUCE cov: 5685 ft: 27000 corp: 3584/1868Kb lim: 4084 exec/s: 112 rss: 554Mb L: 1620/4062 MS: 4 InsertByte-ChangeBit-ChangeBit-CrossOver-
#20997	REDUCE cov: 5685 ft: 27000 corp: 3584/1868Kb lim: 4084 exec/s: 111 rss: 554Mb L: 240/4062 MS: 1 EraseBytes-
#21193	REDUCE cov: 5685 ft: 27000 corp: 3584/1868Kb lim: 4084 exec/s: 110 rss: 554Mb L: 117/4062 MS: 1 EraseBytes-
#21825	REDUCE cov: 5685 ft: 27000 corp: 3584/1868Kb lim: 4084 exec/s: 108 rss: 554Mb L: 243/4062 MS: 2 ChangeByte-EraseBytes-
#21906	REDUCE cov: 5685 ft: 27000 corp: 3584/1868Kb lim: 4084 exec/s: 108 rss: 554Mb L: 58/4062 MS: 1 EraseBytes-
#23090	REDUCE cov: 5685 ft: 27000 corp: 3584/1867Kb lim: 4095 exec/s: 108 rss: 554Mb L: 957/4062 MS: 4 CrossOver-ShuffleBytes-ChangeBit-EraseBytes-
#23797	REDUCE cov: 5685 ft: 27000 corp: 3584/1867Kb lim: 4095 exec/s: 108 rss: 554Mb L: 537/4062 MS: 2 CopyPart-EraseBytes-
#23804	REDUCE cov: 5685 ft: 27000 corp: 3584/1867Kb lim: 4095 exec/s: 108 rss: 554Mb L: 310/4062 MS: 2 EraseBytes-ShuffleBytes-
#24806	REDUCE cov: 5685 ft: 27000 corp: 3584/1867Kb lim: 4095 exec/s: 108 rss: 559Mb L: 2194/4062 MS: 2 InsertByte-EraseBytes-
#24962	REDUCE cov: 5685 ft: 27000 corp: 3584/1867Kb lim: 4095 exec/s: 108 rss: 559Mb L: 159/4062 MS: 1 EraseBytes-
#25153	REDUCE cov: 5685 ft: 27000 corp: 3584/1867Kb lim: 4095 exec/s: 108 rss: 559Mb L: 564/4062 MS: 1 EraseBytes-
#25452	REDUCE cov: 5685 ft: 27000 corp: 3584/1867Kb lim: 4095 exec/s: 107 rss: 559Mb L: 2604/4062 MS: 4 CMP-ShuffleBytes-CopyPart-EraseBytes- DE: "\001\000\000\000\000\000\000\005"-
#25498	REDUCE cov: 5685 ft: 27000 corp: 3584/1867Kb lim: 4095 exec/s: 108 rss: 559Mb L: 337/4062 MS: 1 EraseBytes-
#25764	REDUCE cov: 5685 ft: 27000 corp: 3584/1867Kb lim: 4095 exec/s: 106 rss: 565Mb L: 71/4062 MS: 1 EraseBytes-
#25895	REDUCE cov: 5685 ft: 27000 corp: 3584/1867Kb lim: 4095 exec/s: 106 rss: 565Mb L: 127/4062 MS: 1 EraseBytes-
#26007	REDUCE cov: 5685 ft: 27000 corp: 3584/1867Kb lim: 4095 exec/s: 106 rss: 565Mb L: 377/4062 MS: 2 InsertByte-EraseBytes-
#26240	NEW    cov: 5685 ft: 27002 corp: 3585/1868Kb lim: 4095 exec/s: 106 rss: 565Mb L: 906/4062 MS: 3 ChangeBit-ChangeBinInt-CopyPart-
#26411	REDUCE cov: 5685 ft: 27002 corp: 3585/1868Kb lim: 4095 exec/s: 106 rss: 565Mb L: 1403/4062 MS: 1 EraseBytes-
#26674	REDUCE cov: 5685 ft: 27002 corp: 3585/1868Kb lim: 4095 exec/s: 106 rss: 565Mb L: 52/4062 MS: 3 PersAutoDict-EraseBytes-CopyPart- DE: "\030\000\000\000\000\000\000\000"-
#26831	REDUCE cov: 5685 ft: 27002 corp: 3585/1868Kb lim: 4095 exec/s: 106 rss: 565Mb L: 370/4062 MS: 2 CMP-EraseBytes- DE: "\000\000\000\000"-
#27295	REDUCE cov: 5685 ft: 27002 corp: 3585/1868Kb lim: 4095 exec/s: 105 rss: 566Mb L: 446/4062 MS: 4 CMP-ChangeBit-InsertByte-EraseBytes- DE: "\004\000\000\000\000\000\000\000"-
#27567	REDUCE cov: 5685 ft: 27002 corp: 3585/1868Kb lim: 4095 exec/s: 105 rss: 566Mb L: 942/4062 MS: 2 ChangeByte-EraseBytes-
#28153	REDUCE cov: 5685 ft: 27002 corp: 3585/1868Kb lim: 4095 exec/s: 105 rss: 566Mb L: 620/4062 MS: 1 EraseBytes-
#28281	REDUCE cov: 5685 ft: 27002 corp: 3585/1868Kb lim: 4095 exec/s: 104 rss: 566Mb L: 502/4062 MS: 3 CopyPart-ChangeBinInt-EraseBytes-
#28687	REDUCE cov: 5685 ft: 27002 corp: 3585/1868Kb lim: 4095 exec/s: 103 rss: 566Mb L: 77/4062 MS: 1 EraseBytes-
#29192	NEW    cov: 5685 ft: 27003 corp: 3586/1871Kb lim: 4095 exec/s: 103 rss: 566Mb L: 3397/4062 MS: 5 CrossOver-ChangeBinInt-ChangeASCIIInt-ChangeBit-CrossOver-
#30303	NEW    cov: 5686 ft: 27004 corp: 3587/1871Kb lim: 4096 exec/s: 101 rss: 566Mb L: 186/4062 MS: 1 CrossOver-
#30341	REDUCE cov: 5686 ft: 27004 corp: 3587/1871Kb lim: 4096 exec/s: 101 rss: 566Mb L: 44/4062 MS: 3 EraseBytes-CopyPart-CopyPart-
#30439	REDUCE cov: 5686 ft: 27004 corp: 3587/1871Kb lim: 4096 exec/s: 101 rss: 566Mb L: 32/4062 MS: 3 ChangeBit-ChangeBit-EraseBytes-
#30450	REDUCE cov: 5686 ft: 27004 corp: 3587/1871Kb lim: 4096 exec/s: 101 rss: 566Mb L: 87/4062 MS: 1 EraseBytes-
#30521	REDUCE cov: 5686 ft: 27004 corp: 3587/1871Kb lim: 4096 exec/s: 101 rss: 566Mb L: 68/4062 MS: 1 EraseBytes-
#30748	REDUCE cov: 5686 ft: 27004 corp: 3587/1871Kb lim: 4096 exec/s: 101 rss: 572Mb L: 1379/4062 MS: 2 ShuffleBytes-EraseBytes-
#31664	REDUCE cov: 5686 ft: 27004 corp: 3587/1871Kb lim: 4096 exec/s: 101 rss: 572Mb L: 10/4062 MS: 1 EraseBytes-
#31851	REDUCE cov: 5686 ft: 27004 corp: 3587/1871Kb lim: 4096 exec/s: 100 rss: 572Mb L: 254/4062 MS: 2 ChangeBinInt-EraseBytes-
#32768	pulse  cov: 5686 ft: 27004 corp: 3587/1871Kb lim: 4096 exec/s: 100 rss: 572Mb
#32897	REDUCE cov: 5686 ft: 27004 corp: 3587/1871Kb lim: 4096 exec/s: 100 rss: 572Mb L: 98/4062 MS: 1 EraseBytes-
#32988	REDUCE cov: 5686 ft: 27004 corp: 3587/1871Kb lim: 4096 exec/s: 100 rss: 572Mb L: 24/4062 MS: 1 EraseBytes-
#33514	REDUCE cov: 5686 ft: 27004 corp: 3587/1871Kb lim: 4096 exec/s: 100 rss: 572Mb L: 25/4062 MS: 1 EraseBytes-
#34156	REDUCE cov: 5686 ft: 27004 corp: 3587/1871Kb lim: 4096 exec/s: 99 rss: 572Mb L: 91/4062 MS: 2 ShuffleBytes-EraseBytes-
#34735	REDUCE cov: 5686 ft: 27004 corp: 3587/1871Kb lim: 4096 exec/s: 99 rss: 572Mb L: 127/4062 MS: 4 InsertRepeatedBytes-ShuffleBytes-InsertByte-EraseBytes-
#35837	REDUCE cov: 5686 ft: 27004 corp: 3587/1871Kb lim: 4096 exec/s: 98 rss: 572Mb L: 448/4062 MS: 2 InsertByte-EraseBytes-
#36043	REDUCE cov: 5686 ft: 27004 corp: 3587/1871Kb lim: 4096 exec/s: 98 rss: 572Mb L: 71/4062 MS: 1 EraseBytes-
#36224	REDUCE cov: 5686 ft: 27004 corp: 3587/1871Kb lim: 4096 exec/s: 97 rss: 572Mb L: 1123/4062 MS: 1 EraseBytes-
#36765	REDUCE cov: 5686 ft: 27004 corp: 3587/1871Kb lim: 4096 exec/s: 97 rss: 572Mb L: 234/4062 MS: 1 EraseBytes-
#38835	REDUCE cov: 5686 ft: 27004 corp: 3587/1870Kb lim: 4096 exec/s: 94 rss: 572Mb L: 1881/4062 MS: 5 ShuffleBytes-ChangeBit-ChangeASCIIInt-PersAutoDict-EraseBytes- DE: "\004\000\000\000\000\000\000\000"-
#40603	REDUCE cov: 5686 ft: 27004 corp: 3587/1870Kb lim: 4096 exec/s: 94 rss: 572Mb L: 223/4062 MS: 3 PersAutoDict-EraseBytes-ChangeBinInt- DE: "\004\000\000\000\000\000\000\000"-
#40914	REDUCE cov: 5686 ft: 27004 corp: 3587/1870Kb lim: 4096 exec/s: 94 rss: 572Mb L: 710/4062 MS: 1 EraseBytes-
#41492	REDUCE cov: 5686 ft: 27004 corp: 3587/1870Kb lim: 4096 exec/s: 93 rss: 574Mb L: 934/4062 MS: 3 CopyPart-ChangeBinInt-EraseBytes-
#41589	REDUCE cov: 5686 ft: 27004 corp: 3587/1870Kb lim: 4096 exec/s: 93 rss: 574Mb L: 19/4062 MS: 2 ChangeByte-EraseBytes-
#41830	REDUCE cov: 5686 ft: 27004 corp: 3587/1870Kb lim: 4096 exec/s: 93 rss: 574Mb L: 2749/4062 MS: 1 EraseBytes-
#42005	REDUCE cov: 5686 ft: 27004 corp: 3587/1870Kb lim: 4096 exec/s: 93 rss: 574Mb L: 3219/4062 MS: 5 CMP-ShuffleBytes-ChangeByte-ShuffleBytes-EraseBytes- DE: "\020M{\2149\"U,\225\300J`\343\313?\355"-
#42422	REDUCE cov: 5686 ft: 27004 corp: 3587/1870Kb lim: 4096 exec/s: 93 rss: 574Mb L: 14/4062 MS: 2 InsertByte-EraseBytes-
#42935	REDUCE cov: 5686 ft: 27004 corp: 3587/1870Kb lim: 4096 exec/s: 93 rss: 583Mb L: 76/4062 MS: 3 InsertByte-ChangeBit-EraseBytes-
#43111	REDUCE cov: 5686 ft: 27004 corp: 3587/1870Kb lim: 4096 exec/s: 93 rss: 583Mb L: 978/4062 MS: 1 EraseBytes-
#44502	REDUCE cov: 5686 ft: 27004 corp: 3587/1870Kb lim: 4096 exec/s: 92 rss: 583Mb L: 200/4062 MS: 1 EraseBytes-
#45133	REDUCE cov: 5686 ft: 27004 corp: 3587/1870Kb lim: 4096 exec/s: 92 rss: 583Mb L: 7/4062 MS: 1 EraseBytes-
#45507	REDUCE cov: 5686 ft: 27004 corp: 3587/1870Kb lim: 4096 exec/s: 92 rss: 583Mb L: 358/4062 MS: 4 InsertByte-CrossOver-ChangeBinInt-EraseBytes-
#47047	REDUCE cov: 5686 ft: 27004 corp: 3587/1870Kb lim: 4096 exec/s: 90 rss: 583Mb L: 593/4062 MS: 5 ChangeBinInt-ChangeBit-CMP-InsertByte-EraseBytes- DE: "\007\351@\266\373\275^\372\257\265\254{P\233\260P"-
#47633	REDUCE cov: 5686 ft: 27004 corp: 3587/1870Kb lim: 4096 exec/s: 90 rss: 583Mb L: 101/4062 MS: 1 EraseBytes-
#48421	REDUCE cov: 5686 ft: 27004 corp: 3587/1870Kb lim: 4096 exec/s: 90 rss: 583Mb L: 75/4062 MS: 3 InsertByte-InsertRepeatedBytes-EraseBytes-
#48763	REDUCE cov: 5686 ft: 27004 corp: 3587/1870Kb lim: 4096 exec/s: 90 rss: 583Mb L: 199/4062 MS: 2 InsertRepeatedBytes-EraseBytes-
#48894	REDUCE cov: 5686 ft: 27004 corp: 3587/1870Kb lim: 4096 exec/s: 90 rss: 583Mb L: 2569/4062 MS: 1 EraseBytes-
#49205	REDUCE cov: 5686 ft: 27004 corp: 3587/1870Kb lim: 4096 exec/s: 89 rss: 583Mb L: 50/4062 MS: 1 EraseBytes-
#49766	REDUCE cov: 5686 ft: 27004 corp: 3587/1870Kb lim: 4096 exec/s: 88 rss: 583Mb L: 2271/4062 MS: 1 EraseBytes-
#50237	REDUCE cov: 5686 ft: 27004 corp: 3587/1870Kb lim: 4096 exec/s: 87 rss: 583Mb L: 28/4062 MS: 1 EraseBytes-
#50354	REDUCE cov: 5686 ft: 27004 corp: 3587/1870Kb lim: 4096 exec/s: 87 rss: 583Mb L: 54/4062 MS: 2 ChangeASCIIInt-EraseBytes-
#51236	REDUCE cov: 5686 ft: 27004 corp: 3587/1870Kb lim: 4096 exec/s: 86 rss: 583Mb L: 112/4062 MS: 2 ChangeByte-EraseBytes-
#51347	REDUCE cov: 5686 ft: 27004 corp: 3587/1870Kb lim: 4096 exec/s: 86 rss: 583Mb L: 156/4062 MS: 1 EraseBytes-
#51644	REDUCE cov: 5686 ft: 27004 corp: 3587/1870Kb lim: 4096 exec/s: 86 rss: 583Mb L: 65/4062 MS: 2 CMP-EraseBytes- DE: "&\375WMM?Zp\201p\005y\350^\303\017"-
#51885	REDUCE cov: 5686 ft: 27004 corp: 3587/1870Kb lim: 4096 exec/s: 86 rss: 583Mb L: 39/4062 MS: 1 EraseBytes-
#52264	REDUCE cov: 5686 ft: 27004 corp: 3587/1870Kb lim: 4096 exec/s: 85 rss: 584Mb L: 22/4062 MS: 4 EraseBytes-ChangeByte-ChangeBinInt-EraseBytes-
#54930	REDUCE cov: 5686 ft: 27004 corp: 3587/1870Kb lim: 4096 exec/s: 85 rss: 584Mb L: 838/4062 MS: 1 EraseBytes-
#56072	REDUCE cov: 5686 ft: 27004 corp: 3587/1870Kb lim: 4096 exec/s: 84 rss: 585Mb L: 198/4062 MS: 2 InsertRepeatedBytes-EraseBytes-
#56095	NEW    cov: 5686 ft: 27005 corp: 3588/1870Kb lim: 4096 exec/s: 84 rss: 585Mb L: 783/4062 MS: 3 CrossOver-PersAutoDict-ChangeASCIIInt- DE: "\007\351@\266\373\275^\372\257\265\254{P\233\260P"-
#56117	REDUCE cov: 5686 ft: 27005 corp: 3588/1870Kb lim: 4096 exec/s: 84 rss: 585Mb L: 388/4062 MS: 2 ChangeByte-EraseBytes-
#56648	REDUCE cov: 5686 ft: 27005 corp: 3588/1870Kb lim: 4096 exec/s: 84 rss: 585Mb L: 2570/4062 MS: 1 EraseBytes-
#57033	REDUCE cov: 5686 ft: 27005 corp: 3588/1870Kb lim: 4096 exec/s: 84 rss: 587Mb L: 118/4062 MS: 5 ChangeBit-CMP-ChangeASCIIInt-InsertByte-EraseBytes- DE: "\012\000\000\000\000\000\000\000"-
#57384	REDUCE cov: 5686 ft: 27005 corp: 3588/1870Kb lim: 4096 exec/s: 83 rss: 587Mb L: 50/4062 MS: 1 EraseBytes-
#57983	REDUCE cov: 5686 ft: 27005 corp: 3588/1870Kb lim: 4096 exec/s: 83 rss: 587Mb L: 9/4062 MS: 4 ChangeBit-ChangeByte-ChangeByte-EraseBytes-
#58273	REDUCE cov: 5686 ft: 27005 corp: 3588/1870Kb lim: 4096 exec/s: 83 rss: 587Mb L: 230/4062 MS: 5 CMP-CopyPart-CMP-EraseBytes-CopyPart- DE: "\343\2444\206)\206\\\356\234u\2740\027[\310h"-"&\375WMM?Zp\201p\005y\350^\303\017"-
#58566	REDUCE cov: 5686 ft: 27005 corp: 3588/1870Kb lim: 4096 exec/s: 83 rss: 587Mb L: 282/4062 MS: 3 InsertByte-InsertRepeatedBytes-EraseBytes-
#58620	REDUCE cov: 5686 ft: 27005 corp: 3588/1870Kb lim: 4096 exec/s: 83 rss: 587Mb L: 14/4062 MS: 4 InsertByte-ChangeByte-InsertByte-EraseBytes-
#58708	NEW    cov: 5686 ft: 27010 corp: 3589/1874Kb lim: 4096 exec/s: 83 rss: 587Mb L: 3539/4062 MS: 3 InsertByte-CrossOver-CopyPart-
#58836	REDUCE cov: 5686 ft: 27010 corp: 3589/1874Kb lim: 4096 exec/s: 83 rss: 587Mb L: 360/4062 MS: 3 ChangeBinInt-ChangeByte-EraseBytes-
#58842	REDUCE cov: 5686 ft: 27010 corp: 3589/1874Kb lim: 4096 exec/s: 83 rss: 587Mb L: 219/4062 MS: 1 EraseBytes-
#59093	REDUCE cov: 5686 ft: 27010 corp: 3589/1874Kb lim: 4096 exec/s: 82 rss: 587Mb L: 594/4062 MS: 1 EraseBytes-
#59235	REDUCE cov: 5686 ft: 27010 corp: 3589/1874Kb lim: 4096 exec/s: 82 rss: 587Mb L: 50/4062 MS: 2 InsertRepeatedBytes-EraseBytes-
#60425	NEW    cov: 5686 ft: 27011 corp: 3590/1878Kb lim: 4096 exec/s: 82 rss: 587Mb L: 4057/4062 MS: 5 InsertRepeatedBytes-ChangeBit-ChangeBinInt-CopyPart-ShuffleBytes-
#60779	REDUCE cov: 5686 ft: 27011 corp: 3590/1878Kb lim: 4096 exec/s: 82 rss: 587Mb L: 12/4062 MS: 4 ChangeByte-CMP-EraseBytes-CopyPart- DE: "\377\000"-
#60935	REDUCE cov: 5686 ft: 27011 corp: 3590/1877Kb lim: 4096 exec/s: 82 rss: 587Mb L: 692/4062 MS: 1 CrossOver-
#61542	REDUCE cov: 5686 ft: 27011 corp: 3590/1877Kb lim: 4096 exec/s: 82 rss: 599Mb L: 417/4062 MS: 2 ChangeASCIIInt-EraseBytes-
#61913	REDUCE cov: 5686 ft: 27011 corp: 3590/1877Kb lim: 4096 exec/s: 82 rss: 599Mb L: 95/4062 MS: 1 EraseBytes-
#61924	REDUCE cov: 5686 ft: 27011 corp: 3590/1877Kb lim: 4096 exec/s: 82 rss: 599Mb L: 297/4062 MS: 1 EraseBytes-
#62142	REDUCE cov: 5686 ft: 27011 corp: 3590/1877Kb lim: 4096 exec/s: 82 rss: 599Mb L: 86/4062 MS: 3 InsertByte-ChangeBinInt-EraseBytes-
#63077	REDUCE cov: 5686 ft: 27011 corp: 3590/1877Kb lim: 4096 exec/s: 81 rss: 599Mb L: 2528/4062 MS: 5 InsertRepeatedBytes-CopyPart-ShuffleBytes-ShuffleBytes-EraseBytes-
#64167	NEW    cov: 5686 ft: 27013 corp: 3591/1879Kb lim: 4096 exec/s: 81 rss: 599Mb L: 2015/4062 MS: 5 ChangeBit-ChangeBinInt-PersAutoDict-ChangeASCIIInt-ChangeByte- DE: "\001\000\000\000\000\000\000\005"-
#64793	REDUCE cov: 5686 ft: 27013 corp: 3591/1879Kb lim: 4096 exec/s: 81 rss: 599Mb L: 71/4062 MS: 1 EraseBytes-
#65044	REDUCE cov: 5686 ft: 27013 corp: 3591/1879Kb lim: 4096 exec/s: 81 rss: 599Mb L: 9/4062 MS: 1 EraseBytes-
#65226	REDUCE cov: 5686 ft: 27013 corp: 3591/1879Kb lim: 4096 exec/s: 81 rss: 599Mb L: 5/4062 MS: 2 ChangeByte-EraseBytes-
#65536	pulse  cov: 5686 ft: 27013 corp: 3591/1879Kb lim: 4096 exec/s: 81 rss: 599Mb
#65903	REDUCE cov: 5686 ft: 27013 corp: 3591/1879Kb lim: 4096 exec/s: 81 rss: 599Mb L: 337/4062 MS: 2 CopyPart-EraseBytes-
#66898	NEW    cov: 5686 ft: 27016 corp: 3592/1881Kb lim: 4096 exec/s: 81 rss: 599Mb L: 1999/4062 MS: 5 CopyPart-ChangeASCIIInt-InsertRepeatedBytes-InsertByte-CopyPart-
#67578	REDUCE cov: 5686 ft: 27016 corp: 3592/1881Kb lim: 4096 exec/s: 81 rss: 599Mb L: 983/4062 MS: 5 InsertRepeatedBytes-CMP-InsertByte-InsertByte-EraseBytes- DE: "\000\000\000\000\000\000\000\000"-
#68269	REDUCE cov: 5686 ft: 27016 corp: 3592/1881Kb lim: 4096 exec/s: 81 rss: 599Mb L: 200/4062 MS: 1 EraseBytes-
#68840	REDUCE cov: 5686 ft: 27016 corp: 3592/1881Kb lim: 4096 exec/s: 81 rss: 599Mb L: 10/4062 MS: 1 EraseBytes-
#69235	REDUCE cov: 5686 ft: 27016 corp: 3592/1881Kb lim: 4096 exec/s: 81 rss: 599Mb L: 2569/4062 MS: 5 PersAutoDict-ChangeASCIIInt-ShuffleBytes-EraseBytes-ChangeASCIIInt- DE: "\020M{\2149\"U,\225\300J`\343\313?\355"-
#69456	REDUCE cov: 5686 ft: 27016 corp: 3592/1881Kb lim: 4096 exec/s: 81 rss: 599Mb L: 631/4062 MS: 1 EraseBytes-
#69966	NEW    cov: 5686 ft: 27017 corp: 3593/1884Kb lim: 4096 exec/s: 80 rss: 599Mb L: 3378/4062 MS: 5 ShuffleBytes-CopyPart-PersAutoDict-ChangeBit-CopyPart- DE: "\030\000\000\000\000\000\000\000"-
#71585	REDUCE cov: 5686 ft: 27017 corp: 3593/1884Kb lim: 4096 exec/s: 80 rss: 599Mb L: 161/4062 MS: 4 PersAutoDict-PersAutoDict-CrossOver-EraseBytes- DE: "\377\000"-"\377\000"-
#71886	REDUCE cov: 5686 ft: 27017 corp: 3593/1884Kb lim: 4096 exec/s: 80 rss: 599Mb L: 633/4062 MS: 1 EraseBytes-
#73728	REDUCE cov: 5686 ft: 27017 corp: 3593/1884Kb lim: 4096 exec/s: 80 rss: 599Mb L: 210/4062 MS: 2 ChangeBinInt-EraseBytes-
#74074	REDUCE cov: 5686 ft: 27017 corp: 3593/1884Kb lim: 4096 exec/s: 79 rss: 599Mb L: 41/4062 MS: 1 EraseBytes-
#74212	REDUCE cov: 5686 ft: 27017 corp: 3593/1884Kb lim: 4096 exec/s: 79 rss: 599Mb L: 601/4062 MS: 3 ChangeASCIIInt-ChangeBit-EraseBytes-
#74388	REDUCE cov: 5686 ft: 27017 corp: 3593/1884Kb lim: 4096 exec/s: 79 rss: 599Mb L: 10/4062 MS: 1 EraseBytes-
#74969	REDUCE cov: 5686 ft: 27017 corp: 3593/1884Kb lim: 4096 exec/s: 79 rss: 599Mb L: 9/4062 MS: 1 EraseBytes-
#75444	REDUCE cov: 5686 ft: 27017 corp: 3593/1884Kb lim: 4096 exec/s: 79 rss: 599Mb L: 687/4062 MS: 5 InsertByte-ChangeBit-ChangeBit-ChangeBinInt-EraseBytes-
#76016	REDUCE cov: 5686 ft: 27017 corp: 3593/1884Kb lim: 4096 exec/s: 79 rss: 599Mb L: 340/4062 MS: 2 ShuffleBytes-EraseBytes-
#76599	REDUCE cov: 5686 ft: 27017 corp: 3593/1884Kb lim: 4096 exec/s: 79 rss: 599Mb L: 17/4062 MS: 3 CopyPart-ChangeBinInt-EraseBytes-
#76753	REDUCE cov: 5686 ft: 27017 corp: 3593/1884Kb lim: 4096 exec/s: 79 rss: 599Mb L: 717/4062 MS: 4 CMP-ChangeBinInt-ChangeByte-EraseBytes- DE: "oD\012\246\207\335\\\274\272\302M\265:\021\032."-
#77344	REDUCE cov: 5686 ft: 27017 corp: 3593/1884Kb lim: 4096 exec/s: 79 rss: 599Mb L: 381/4062 MS: 1 EraseBytes-
#77785	REDUCE cov: 5686 ft: 27017 corp: 3593/1884Kb lim: 4096 exec/s: 78 rss: 603Mb L: 132/4062 MS: 1 EraseBytes-
#77858	REDUCE cov: 5686 ft: 27017 corp: 3593/1884Kb lim: 4096 exec/s: 78 rss: 603Mb L: 887/4062 MS: 3 ChangeASCIIInt-ChangeByte-EraseBytes-
#78071	REDUCE cov: 5686 ft: 27017 corp: 3593/1883Kb lim: 4096 exec/s: 78 rss: 603Mb L: 3264/4062 MS: 3 CrossOver-ChangeASCIIInt-EraseBytes-
#78315	REDUCE cov: 5686 ft: 27017 corp: 3593/1883Kb lim: 4096 exec/s: 78 rss: 603Mb L: 955/4062 MS: 4 ChangeBit-ChangeBit-ChangeBit-EraseBytes-
#78375	REDUCE cov: 5686 ft: 27017 corp: 3593/1883Kb lim: 4096 exec/s: 78 rss: 603Mb L: 1513/4062 MS: 5 ShuffleBytes-ChangeASCIIInt-PersAutoDict-ChangeBit-EraseBytes- DE: "\030\000\000\000\000\000\000\000"-
#78661	REDUCE cov: 5686 ft: 27017 corp: 3593/1882Kb lim: 4096 exec/s: 78 rss: 603Mb L: 3058/4062 MS: 1 EraseBytes-
#78907	REDUCE cov: 5686 ft: 27017 corp: 3593/1882Kb lim: 4096 exec/s: 78 rss: 603Mb L: 22/4062 MS: 1 EraseBytes-
#79731	REDUCE cov: 5686 ft: 27017 corp: 3593/1882Kb lim: 4096 exec/s: 78 rss: 603Mb L: 229/4062 MS: 4 ChangeBit-ChangeBinInt-CopyPart-EraseBytes-
#79817	REDUCE cov: 5686 ft: 27017 corp: 3593/1882Kb lim: 4096 exec/s: 78 rss: 603Mb L: 947/4062 MS: 1 EraseBytes-
#79924	REDUCE cov: 5686 ft: 27017 corp: 3593/1882Kb lim: 4096 exec/s: 78 rss: 603Mb L: 41/4062 MS: 2 ShuffleBytes-EraseBytes-
#80252	NEW    cov: 5686 ft: 27018 corp: 3594/1885Kb lim: 4096 exec/s: 78 rss: 603Mb L: 2288/4062 MS: 3 PersAutoDict-ChangeBinInt-ChangeBinInt- DE: "\001\000\000\000\000\000\000\005"-
#80532	REDUCE cov: 5686 ft: 27018 corp: 3594/1885Kb lim: 4096 exec/s: 78 rss: 603Mb L: 171/4062 MS: 5 ChangeBit-InsertByte-ShuffleBytes-CMP-EraseBytes- DE: "\001\000\000\024"-
#80650	REDUCE cov: 5686 ft: 27018 corp: 3594/1885Kb lim: 4096 exec/s: 78 rss: 603Mb L: 1614/4062 MS: 3 ChangeBit-CMP-EraseBytes- DE: "\0042~\276\365\261_\270\241\2553/\224\275\005*"-
#80771	REDUCE cov: 5686 ft: 27018 corp: 3594/1885Kb lim: 4096 exec/s: 78 rss: 603Mb L: 223/4062 MS: 1 EraseBytes-
#81172	REDUCE cov: 5686 ft: 27018 corp: 3594/1885Kb lim: 4096 exec/s: 78 rss: 603Mb L: 290/4062 MS: 1 EraseBytes-
#81269	REDUCE cov: 5686 ft: 27018 corp: 3594/1885Kb lim: 4096 exec/s: 78 rss: 603Mb L: 225/4062 MS: 2 ChangeByte-EraseBytes-
#81651	REDUCE cov: 5686 ft: 27018 corp: 3594/1885Kb lim: 4096 exec/s: 78 rss: 603Mb L: 782/4062 MS: 2 ChangeByte-EraseBytes-
#82097	REDUCE cov: 5686 ft: 27018 corp: 3594/1885Kb lim: 4096 exec/s: 78 rss: 603Mb L: 56/4062 MS: 1 EraseBytes-
#82131	REDUCE cov: 5686 ft: 27018 corp: 3594/1884Kb lim: 4096 exec/s: 78 rss: 603Mb L: 124/4062 MS: 4 ChangeBit-ShuffleBytes-CopyPart-EraseBytes-
#84634	REDUCE cov: 5686 ft: 27018 corp: 3594/1884Kb lim: 4096 exec/s: 78 rss: 603Mb L: 32/4062 MS: 3 ChangeByte-ChangeBit-EraseBytes-
#85135	REDUCE cov: 5686 ft: 27018 corp: 3594/1884Kb lim: 4096 exec/s: 78 rss: 603Mb L: 57/4062 MS: 1 EraseBytes-
#85567	REDUCE cov: 5686 ft: 27018 corp: 3594/1884Kb lim: 4096 exec/s: 78 rss: 603Mb L: 19/4062 MS: 2 ShuffleBytes-EraseBytes-
#85593	NEW    cov: 5686 ft: 27020 corp: 3595/1886Kb lim: 4096 exec/s: 78 rss: 603Mb L: 1810/4062 MS: 1 CMP- DE: ">F\204B\346+Q/\217\375\267]/\252s\313"-
#85639	REDUCE cov: 5686 ft: 27020 corp: 3595/1886Kb lim: 4096 exec/s: 78 rss: 603Mb L: 257/4062 MS: 1 EraseBytes-
#85985	REDUCE cov: 5686 ft: 27020 corp: 3595/1886Kb lim: 4096 exec/s: 78 rss: 603Mb L: 20/4062 MS: 1 EraseBytes-
#86102	NEW    cov: 5686 ft: 27024 corp: 3596/1890Kb lim: 4096 exec/s: 77 rss: 603Mb L: 3991/4062 MS: 2 InsertRepeatedBytes-CopyPart-
#86688	REDUCE cov: 5686 ft: 27024 corp: 3596/1890Kb lim: 4096 exec/s: 77 rss: 603Mb L: 107/4062 MS: 1 EraseBytes-
#86955	REDUCE cov: 5686 ft: 27024 corp: 3596/1890Kb lim: 4096 exec/s: 77 rss: 603Mb L: 75/4062 MS: 2 ChangeBit-EraseBytes-
#87725	REDUCE cov: 5686 ft: 27024 corp: 3596/1890Kb lim: 4096 exec/s: 77 rss: 603Mb L: 1578/4062 MS: 5 InsertByte-ChangeBinInt-ChangeBit-CopyPart-EraseBytes-
#88307	NEW    cov: 5686 ft: 27025 corp: 3597/1894Kb lim: 4096 exec/s: 77 rss: 603Mb L: 4065/4065 MS: 2 PersAutoDict-ShuffleBytes- DE: "\001\000\000\000\000\000\000\005"-
#89413	REDUCE cov: 5686 ft: 27025 corp: 3597/1894Kb lim: 4096 exec/s: 77 rss: 603Mb L: 75/4065 MS: 1 EraseBytes-
#89449	REDUCE cov: 5686 ft: 27025 corp: 3597/1894Kb lim: 4096 exec/s: 77 rss: 603Mb L: 32/4065 MS: 1 EraseBytes-
#90150	REDUCE cov: 5686 ft: 27025 corp: 3597/1894Kb lim: 4096 exec/s: 77 rss: 603Mb L: 565/4065 MS: 1 EraseBytes-
#90347	REDUCE cov: 5686 ft: 27025 corp: 3597/1894Kb lim: 4096 exec/s: 77 rss: 603Mb L: 56/4065 MS: 2 ChangeBit-EraseBytes-
#90485	REDUCE cov: 5686 ft: 27025 corp: 3597/1894Kb lim: 4096 exec/s: 77 rss: 603Mb L: 719/4065 MS: 3 PersAutoDict-ChangeBinInt-EraseBytes- DE: "\007\351@\266\373\275^\372\257\265\254{P\233\260P"-
#90846	NEW    cov: 5686 ft: 27027 corp: 3598/1896Kb lim: 4096 exec/s: 77 rss: 603Mb L: 2112/4065 MS: 1 PersAutoDict- DE: "\001\000\000\000\000\000\000\005"-
#91067	REDUCE cov: 5686 ft: 27027 corp: 3598/1896Kb lim: 4096 exec/s: 77 rss: 603Mb L: 539/4065 MS: 1 EraseBytes-
#91594	REDUCE cov: 5686 ft: 27027 corp: 3598/1896Kb lim: 4096 exec/s: 77 rss: 603Mb L: 253/4065 MS: 2 CrossOver-EraseBytes-
#91806	REDUCE cov: 5686 ft: 27027 corp: 3598/1896Kb lim: 4096 exec/s: 76 rss: 603Mb L: 1783/4065 MS: 2 CopyPart-EraseBytes-
#91832	REDUCE cov: 5686 ft: 27027 corp: 3598/1896Kb lim: 4096 exec/s: 76 rss: 603Mb L: 913/4065 MS: 1 EraseBytes-
#92200	REDUCE cov: 5686 ft: 27027 corp: 3598/1896Kb lim: 4096 exec/s: 76 rss: 603Mb L: 792/4065 MS: 3 ChangeBit-CopyPart-EraseBytes-
#92602	REDUCE cov: 5686 ft: 27027 corp: 3598/1895Kb lim: 4096 exec/s: 76 rss: 603Mb L: 1541/4065 MS: 2 ShuffleBytes-EraseBytes-
#92665	REDUCE cov: 5686 ft: 27027 corp: 3598/1895Kb lim: 4096 exec/s: 76 rss: 603Mb L: 59/4065 MS: 3 ChangeASCIIInt-InsertByte-EraseBytes-
#93287	NEW    cov: 5686 ft: 27029 corp: 3599/1897Kb lim: 4096 exec/s: 76 rss: 605Mb L: 2072/4065 MS: 2 InsertByte-EraseBytes-
#93385	REDUCE cov: 5686 ft: 27029 corp: 3599/1897Kb lim: 4096 exec/s: 76 rss: 605Mb L: 667/4065 MS: 3 InsertRepeatedBytes-ShuffleBytes-EraseBytes-
#93976	REDUCE cov: 5686 ft: 27029 corp: 3599/1897Kb lim: 4096 exec/s: 76 rss: 605Mb L: 680/4065 MS: 1 EraseBytes-
#94754	REDUCE cov: 5686 ft: 27029 corp: 3599/1897Kb lim: 4096 exec/s: 76 rss: 605Mb L: 377/4065 MS: 3 ChangeBinInt-CopyPart-EraseBytes-
#95416	REDUCE cov: 5686 ft: 27029 corp: 3599/1897Kb lim: 4096 exec/s: 76 rss: 605Mb L: 227/4065 MS: 2 ChangeBit-EraseBytes-
#96241	REDUCE cov: 5686 ft: 27029 corp: 3599/1897Kb lim: 4096 exec/s: 76 rss: 605Mb L: 2846/4065 MS: 5 CopyPart-ChangeByte-EraseBytes-InsertRepeatedBytes-InsertRepeatedBytes-
#97232	REDUCE cov: 5686 ft: 27029 corp: 3599/1897Kb lim: 4096 exec/s: 76 rss: 605Mb L: 382/4065 MS: 1 EraseBytes-
#97511	REDUCE cov: 5686 ft: 27029 corp: 3599/1897Kb lim: 4096 exec/s: 76 rss: 605Mb L: 127/4065 MS: 4 ChangeASCIIInt-InsertByte-ChangeBinInt-EraseBytes-
#100227	REDUCE cov: 5686 ft: 27029 corp: 3599/1897Kb lim: 4096 exec/s: 76 rss: 605Mb L: 683/4065 MS: 1 EraseBytes-
#101724	REDUCE cov: 5686 ft: 27029 corp: 3599/1897Kb lim: 4096 exec/s: 75 rss: 605Mb L: 317/4065 MS: 2 ChangeByte-EraseBytes-
#102053	REDUCE cov: 5686 ft: 27029 corp: 3599/1897Kb lim: 4096 exec/s: 75 rss: 605Mb L: 823/4065 MS: 4 InsertByte-ChangeASCIIInt-ChangeASCIIInt-EraseBytes-
#103208	REDUCE cov: 5686 ft: 27029 corp: 3599/1897Kb lim: 4096 exec/s: 76 rss: 605Mb L: 2313/4065 MS: 5 InsertByte-CMP-CrossOver-CMP-EraseBytes- DE: "\201`y'\242#Zp\262\\.(\264n\346\343"-"[\022\000\000\000\000\000\000"-
#104699	REDUCE cov: 5686 ft: 27029 corp: 3599/1897Kb lim: 4096 exec/s: 75 rss: 605Mb L: 935/4065 MS: 1 EraseBytes-
#105265	REDUCE cov: 5686 ft: 27029 corp: 3599/1897Kb lim: 4096 exec/s: 75 rss: 605Mb L: 137/4065 MS: 1 EraseBytes-
#105827	REDUCE cov: 5686 ft: 27029 corp: 3599/1897Kb lim: 4096 exec/s: 75 rss: 605Mb L: 1390/4065 MS: 2 CrossOver-EraseBytes-
#105933	REDUCE cov: 5686 ft: 27029 corp: 3599/1897Kb lim: 4096 exec/s: 75 rss: 605Mb L: 107/4065 MS: 1 EraseBytes-
#106570	REDUCE cov: 5686 ft: 27029 corp: 3599/1897Kb lim: 4096 exec/s: 75 rss: 605Mb L: 134/4065 MS: 2 ChangeBit-EraseBytes-
#106790	REDUCE cov: 5686 ft: 27029 corp: 3599/1896Kb lim: 4096 exec/s: 75 rss: 605Mb L: 1365/4065 MS: 5 ShuffleBytes-ChangeBinInt-ChangeASCIIInt-ChangeBit-EraseBytes-
#106901	REDUCE cov: 5686 ft: 27029 corp: 3599/1896Kb lim: 4096 exec/s: 75 rss: 605Mb L: 105/4065 MS: 1 EraseBytes-
#107566	NEW    cov: 5686 ft: 27030 corp: 3600/1900Kb lim: 4096 exec/s: 75 rss: 605Mb L: 3536/4065 MS: 5 PersAutoDict-ChangeBinInt-ChangeASCIIInt-ChangeBinInt-CopyPart- DE: "\007\351@\266\373\275^\372\257\265\254{P\233\260P"-
#107919	REDUCE cov: 5686 ft: 27030 corp: 3600/1900Kb lim: 4096 exec/s: 75 rss: 605Mb L: 30/4065 MS: 3 ChangeByte-ChangeBit-EraseBytes-
#108120	REDUCE cov: 5686 ft: 27030 corp: 3600/1900Kb lim: 4096 exec/s: 75 rss: 605Mb L: 781/4065 MS: 1 EraseBytes-
#108328	REDUCE cov: 5686 ft: 27030 corp: 3600/1900Kb lim: 4096 exec/s: 75 rss: 605Mb L: 2358/4065 MS: 3 PersAutoDict-CrossOver-EraseBytes- DE: "&\375WMM?Zp\201p\005y\350^\303\017"-
#108661	REDUCE cov: 5686 ft: 27030 corp: 3600/1900Kb lim: 4096 exec/s: 75 rss: 605Mb L: 148/4065 MS: 3 ShuffleBytes-CopyPart-EraseBytes-
#108765	REDUCE cov: 5686 ft: 27030 corp: 3600/1900Kb lim: 4096 exec/s: 75 rss: 605Mb L: 652/4065 MS: 4 InsertByte-InsertByte-CMP-EraseBytes- DE: "\371\377\377\377"-
#108866	REDUCE cov: 5686 ft: 27030 corp: 3600/1900Kb lim: 4096 exec/s: 75 rss: 605Mb L: 78/4065 MS: 1 EraseBytes-
#109246	REDUCE cov: 5686 ft: 27030 corp: 3600/1900Kb lim: 4096 exec/s: 75 rss: 605Mb L: 60/4065 MS: 5 CMP-ChangeBit-CrossOver-ShuffleBytes-EraseBytes- DE: "\225\033\333\210\014\375V\364\266\233\017\371\362V\027\027"-
#109317	REDUCE cov: 5686 ft: 27030 corp: 3600/1900Kb lim: 4096 exec/s: 75 rss: 605Mb L: 102/4065 MS: 1 EraseBytes-
#109390	REDUCE cov: 5686 ft: 27030 corp: 3600/1900Kb lim: 4096 exec/s: 75 rss: 605Mb L: 145/4065 MS: 3 ChangeBinInt-ShuffleBytes-EraseBytes-
#110006	REDUCE cov: 5686 ft: 27030 corp: 3600/1900Kb lim: 4096 exec/s: 75 rss: 605Mb L: 514/4065 MS: 1 EraseBytes-
#110126	REDUCE cov: 5687 ft: 27031 corp: 3601/1900Kb lim: 4096 exec/s: 75 rss: 605Mb L: 192/4065 MS: 5 ChangeByte-EraseBytes-PersAutoDict-ShuffleBytes-ShuffleBytes- DE: "\030\000\000\000\000\000\000\000"-
#110344	REDUCE cov: 5687 ft: 27031 corp: 3601/1900Kb lim: 4096 exec/s: 75 rss: 605Mb L: 1427/4065 MS: 3 InsertByte-PersAutoDict-EraseBytes- DE: "\377\000"-
#110455	REDUCE cov: 5687 ft: 27031 corp: 3601/1900Kb lim: 4096 exec/s: 75 rss: 605Mb L: 125/4065 MS: 1 EraseBytes-
#110586	REDUCE cov: 5687 ft: 27031 corp: 3601/1900Kb lim: 4096 exec/s: 75 rss: 605Mb L: 43/4065 MS: 1 EraseBytes-
#111392	REDUCE cov: 5687 ft: 27031 corp: 3601/1900Kb lim: 4096 exec/s: 75 rss: 605Mb L: 383/4065 MS: 1 EraseBytes-
#111704	REDUCE cov: 5687 ft: 27031 corp: 3601/1900Kb lim: 4096 exec/s: 75 rss: 605Mb L: 923/4065 MS: 2 ChangeASCIIInt-EraseBytes-
#112232	REDUCE cov: 5687 ft: 27031 corp: 3601/1900Kb lim: 4096 exec/s: 75 rss: 605Mb L: 524/4065 MS: 3 ChangeBit-ShuffleBytes-EraseBytes-
#112383	REDUCE cov: 5687 ft: 27031 corp: 3601/1900Kb lim: 4096 exec/s: 75 rss: 605Mb L: 1564/4065 MS: 1 EraseBytes-
#112744	REDUCE cov: 5687 ft: 27031 corp: 3601/1900Kb lim: 4096 exec/s: 75 rss: 605Mb L: 174/4065 MS: 1 EraseBytes-
#112794	NEW    cov: 5687 ft: 27032 corp: 3602/1904Kb lim: 4096 exec/s: 75 rss: 605Mb L: 4059/4065 MS: 5 CopyPart-CopyPart-PersAutoDict-CMP-CopyPart- DE: "\225\033\333\210\014\375V\364\266\233\017\371\362V\027\027"-"\001\271\242W\016N]\026\200k\271\240@\371N\213"-
#112921	REDUCE cov: 5687 ft: 27032 corp: 3602/1904Kb lim: 4096 exec/s: 75 rss: 605Mb L: 41/4065 MS: 2 PersAutoDict-EraseBytes- DE: "\000\000\000\000"-
#113337	REDUCE cov: 5687 ft: 27032 corp: 3602/1904Kb lim: 4096 exec/s: 75 rss: 605Mb L: 39/4065 MS: 1 EraseBytes-
#113515	REDUCE cov: 5687 ft: 27032 corp: 3602/1904Kb lim: 4096 exec/s: 75 rss: 605Mb L: 514/4065 MS: 3 PersAutoDict-ChangeByte-EraseBytes- DE: "\000\000\000\000"-
#114025	REDUCE cov: 5687 ft: 27032 corp: 3602/1903Kb lim: 4096 exec/s: 75 rss: 605Mb L: 549/4065 MS: 5 ChangeASCIIInt-CrossOver-ShuffleBytes-ChangeByte-EraseBytes-
#114285	REDUCE cov: 5687 ft: 27032 corp: 3602/1903Kb lim: 4096 exec/s: 75 rss: 605Mb L: 361/4065 MS: 5 ChangeBit-ShuffleBytes-InsertByte-ShuffleBytes-EraseBytes-
#116876	REDUCE cov: 5687 ft: 27032 corp: 3602/1903Kb lim: 4096 exec/s: 74 rss: 605Mb L: 1858/4065 MS: 1 EraseBytes-
#116928	REDUCE cov: 5687 ft: 27032 corp: 3602/1903Kb lim: 4096 exec/s: 74 rss: 605Mb L: 3576/4065 MS: 2 InsertRepeatedBytes-CrossOver-
#117857	REDUCE cov: 5687 ft: 27032 corp: 3602/1903Kb lim: 4096 exec/s: 74 rss: 605Mb L: 559/4065 MS: 4 ChangeBinInt-ChangeBinInt-ChangeBinInt-EraseBytes-
#117888	REDUCE cov: 5687 ft: 27032 corp: 3602/1903Kb lim: 4096 exec/s: 74 rss: 605Mb L: 19/4065 MS: 1 EraseBytes-
#118745	REDUCE cov: 5687 ft: 27032 corp: 3602/1903Kb lim: 4096 exec/s: 74 rss: 605Mb L: 506/4065 MS: 2 ShuffleBytes-EraseBytes-
#119111	REDUCE cov: 5687 ft: 27032 corp: 3602/1903Kb lim: 4096 exec/s: 74 rss: 605Mb L: 431/4065 MS: 1 EraseBytes-
#119533	REDUCE cov: 5687 ft: 27032 corp: 3602/1903Kb lim: 4096 exec/s: 74 rss: 605Mb L: 651/4065 MS: 2 ChangeBinInt-EraseBytes-
#119626	REDUCE cov: 5687 ft: 27032 corp: 3602/1903Kb lim: 4096 exec/s: 74 rss: 605Mb L: 73/4065 MS: 3 ChangeASCIIInt-ChangeByte-EraseBytes-
#120562	REDUCE cov: 5687 ft: 27032 corp: 3602/1903Kb lim: 4096 exec/s: 74 rss: 605Mb L: 77/4065 MS: 1 EraseBytes-
#120575	REDUCE cov: 5687 ft: 27032 corp: 3602/1903Kb lim: 4096 exec/s: 74 rss: 605Mb L: 719/4065 MS: 3 CopyPart-CrossOver-EraseBytes-
#121256	REDUCE cov: 5687 ft: 27032 corp: 3602/1903Kb lim: 4096 exec/s: 74 rss: 605Mb L: 2280/4065 MS: 1 EraseBytes-
#121857	REDUCE cov: 5687 ft: 27032 corp: 3602/1903Kb lim: 4096 exec/s: 74 rss: 605Mb L: 1862/4065 MS: 1 EraseBytes-
#122294	REDUCE cov: 5687 ft: 27032 corp: 3602/1902Kb lim: 4096 exec/s: 74 rss: 605Mb L: 372/4065 MS: 2 PersAutoDict-EraseBytes- DE: "&\375WMM?Zp\201p\005y\350^\303\017"-
#123625	REDUCE cov: 5687 ft: 27032 corp: 3602/1902Kb lim: 4096 exec/s: 74 rss: 605Mb L: 265/4065 MS: 1 EraseBytes-
#123677	REDUCE cov: 5687 ft: 27032 corp: 3602/1902Kb lim: 4096 exec/s: 74 rss: 605Mb L: 418/4065 MS: 2 ChangeASCIIInt-EraseBytes-
#124053	REDUCE cov: 5687 ft: 27032 corp: 3602/1902Kb lim: 4096 exec/s: 74 rss: 605Mb L: 259/4065 MS: 1 EraseBytes-
#124354	REDUCE cov: 5687 ft: 27032 corp: 3602/1902Kb lim: 4096 exec/s: 74 rss: 605Mb L: 34/4065 MS: 1 EraseBytes-
#125017	REDUCE cov: 5687 ft: 27032 corp: 3602/1902Kb lim: 4096 exec/s: 74 rss: 605Mb L: 101/4065 MS: 3 PersAutoDict-CopyPart-EraseBytes- DE: "\004\000\000\000\000\000\000\000"-
#125264	REDUCE cov: 5687 ft: 27032 corp: 3602/1902Kb lim: 4096 exec/s: 74 rss: 605Mb L: 109/4065 MS: 2 ChangeASCIIInt-EraseBytes-
#126666	REDUCE cov: 5687 ft: 27032 corp: 3602/1902Kb lim: 4096 exec/s: 74 rss: 605Mb L: 582/4065 MS: 2 PersAutoDict-EraseBytes- DE: "\001\000\000\000\000\000\000\005"-
#126685	REDUCE cov: 5687 ft: 27032 corp: 3602/1902Kb lim: 4096 exec/s: 74 rss: 605Mb L: 2286/4065 MS: 4 ShuffleBytes-ShuffleBytes-InsertRepeatedBytes-EraseBytes-
#126921	REDUCE cov: 5687 ft: 27032 corp: 3602/1902Kb lim: 4096 exec/s: 74 rss: 605Mb L: 522/4065 MS: 1 EraseBytes-
#127007	REDUCE cov: 5687 ft: 27032 corp: 3602/1902Kb lim: 4096 exec/s: 74 rss: 605Mb L: 624/4065 MS: 1 EraseBytes-
#128098	REDUCE cov: 5687 ft: 27032 corp: 3602/1902Kb lim: 4096 exec/s: 74 rss: 605Mb L: 6/4065 MS: 1 EraseBytes-
#128279	REDUCE cov: 5687 ft: 27032 corp: 3602/1902Kb lim: 4096 exec/s: 74 rss: 605Mb L: 6/4065 MS: 1 EraseBytes-
#128895	REDUCE cov: 5687 ft: 27032 corp: 3602/1902Kb lim: 4096 exec/s: 74 rss: 605Mb L: 2/4065 MS: 1 EraseBytes-
#129401	REDUCE cov: 5687 ft: 27032 corp: 3602/1902Kb lim: 4096 exec/s: 74 rss: 605Mb L: 89/4065 MS: 1 EraseBytes-
#129702	REDUCE cov: 5687 ft: 27032 corp: 3602/1902Kb lim: 4096 exec/s: 73 rss: 605Mb L: 1169/4065 MS: 1 EraseBytes-
#130176	REDUCE cov: 5687 ft: 27032 corp: 3602/1902Kb lim: 4096 exec/s: 73 rss: 605Mb L: 103/4065 MS: 4 EraseBytes-ChangeByte-ChangeASCIIInt-ChangeBinInt-
#131072	pulse  cov: 5687 ft: 27032 corp: 3602/1902Kb lim: 4096 exec/s: 74 rss: 605Mb
#131569	REDUCE cov: 5687 ft: 27032 corp: 3602/1902Kb lim: 4096 exec/s: 74 rss: 605Mb L: 768/4065 MS: 3 ChangeByte-ChangeASCIIInt-EraseBytes-
#132183	REDUCE cov: 5687 ft: 27032 corp: 3602/1902Kb lim: 4096 exec/s: 74 rss: 605Mb L: 726/4065 MS: 4 ShuffleBytes-ChangeByte-InsertByte-EraseBytes-
#132218	REDUCE cov: 5687 ft: 27032 corp: 3602/1902Kb lim: 4096 exec/s: 74 rss: 605Mb L: 1486/4065 MS: 5 PersAutoDict-InsertByte-InsertByte-CopyPart-EraseBytes- DE: "\377\000"-
#133328	DONE   cov: 5687 ft: 27032 corp: 3602/1902Kb lim: 4096 exec/s: 74 rss: 605Mb
###### Recommended dictionary. ######
"\030\000\000\000\000\000\000\000" # Uses: 2159
"\001\000\000\000\000\000\000\005" # Uses: 1087
"\000\000\000\000" # Uses: 1064
"\004\000\000\000\000\000\000\000" # Uses: 1042
"\020M{\2149\"U,\225\300J`\343\313?\355" # Uses: 641
"\007\351@\266\373\275^\372\257\265\254{P\233\260P" # Uses: 608
"&\375WMM?Zp\201p\005y\350^\303\017" # Uses: 514
"\012\000\000\000\000\000\000\000" # Uses: 478
"\343\2444\206)\206\\\356\234u\2740\027[\310h" # Uses: 458
"\377\000" # Uses: 447
"\000\000\000\000\000\000\000\000" # Uses: 347
"oD\012\246\207\335\\\274\272\302M\265:\021\032." # Uses: 296
"\001\000\000\024" # Uses: 295
"\0042~\276\365\261_\270\241\2553/\224\275\005*" # Uses: 268
">F\204B\346+Q/\217\375\267]/\252s\313" # Uses: 229
"\201`y'\242#Zp\262\\.(\264n\346\343" # Uses: 115
"[\022\000\000\000\000\000\000" # Uses: 121
"\371\377\377\377" # Uses: 102
"\225\033\333\210\014\375V\364\266\233\017\371\362V\027\027" # Uses: 90
"\001\271\242W\016N]\026\200k\271\240@\371N\213" # Uses: 82
###### End of recommended dictionary. ######
Done 133328 runs in 1801 second(s)
stat::number_of_executed_units: 133328
stat::average_exec_per_sec:     74
stat::new_units_added:          257
stat::slowest_unit_time_sec:    0
stat::peak_rss_mb:              605
