    Finished `release` profile [optimized + debuginfo] target(s) in 0.08s
    Finished `release` profile [optimized + debuginfo] target(s) in 0.08s
     Running `fuzz/target/x86_64-unknown-linux-gnu/release/html_render -artifact_prefix=/home/brianklam/Desktop/liminal/fuzz/artifacts/html_render/ -max_total_time=1800 -seed=20260725 -rss_limit_mb=4096 -print_final_stats=1 /home/brianklam/Desktop/liminal/fuzz/corpus/html_render`
INFO: Running with entropic power schedule (0xFF, 100).
INFO: Seed: 20260725
INFO: Loaded 1 modules   (1509 inline 8-bit counters): 1509 [0x55620f705e30, 0x55620f706415), 
INFO: Loaded 1 PC tables (1509 PCs): 1509 [0x55620f706418,0x55620f70c268), 
INFO:     5033 files found in /home/brianklam/Desktop/liminal/fuzz/corpus/html_render
INFO: -max_len is not provided; libFuzzer will not generate inputs larger than 4096 bytes
INFO: seed corpus: files: 5033 min: 1b max: 4057b total: 1501008b rss: 38Mb
#4096	pulse  cov: 409 ft: 1892 corp: 375/16Kb exec/s: 2048 rss: 199Mb
#5034	INITED cov: 409 ft: 1957 corp: 398/40Kb exec/s: 209 rss: 458Mb
#8192	pulse  cov: 409 ft: 1957 corp: 398/40Kb lim: 2966 exec/s: 303 rss: 510Mb
#9730	REDUCE cov: 409 ft: 1957 corp: 398/40Kb lim: 2988 exec/s: 347 rss: 528Mb L: 46/2933 MS: 1 EraseBytes-
#16384	pulse  cov: 409 ft: 1957 corp: 398/40Kb lim: 3054 exec/s: 409 rss: 540Mb
#27578	REDUCE cov: 409 ft: 1957 corp: 398/40Kb lim: 3164 exec/s: 510 rss: 545Mb L: 434/2933 MS: 3 CopyPart-ChangeByte-EraseBytes-
#32768	pulse  cov: 409 ft: 1957 corp: 398/40Kb lim: 3208 exec/s: 528 rss: 545Mb
#38009	REDUCE cov: 409 ft: 1957 corp: 398/40Kb lim: 3263 exec/s: 558 rss: 545Mb L: 146/2933 MS: 1 EraseBytes-
#39377	REDUCE cov: 409 ft: 1957 corp: 398/40Kb lim: 3274 exec/s: 562 rss: 545Mb L: 330/2933 MS: 3 ShuffleBytes-ChangeBinInt-EraseBytes-
#45864	REDUCE cov: 409 ft: 1957 corp: 398/40Kb lim: 3329 exec/s: 603 rss: 545Mb L: 490/2933 MS: 2 ShuffleBytes-EraseBytes-
#50265	REDUCE cov: 409 ft: 1957 corp: 398/40Kb lim: 3362 exec/s: 620 rss: 545Mb L: 295/2933 MS: 1 EraseBytes-
#53597	REDUCE cov: 409 ft: 1957 corp: 398/40Kb lim: 3395 exec/s: 638 rss: 545Mb L: 818/2933 MS: 2 ChangeByte-EraseBytes-
#65536	pulse  cov: 409 ft: 1957 corp: 398/40Kb lim: 3505 exec/s: 601 rss: 549Mb
#66123	REDUCE cov: 409 ft: 1957 corp: 398/40Kb lim: 3516 exec/s: 595 rss: 549Mb L: 27/2933 MS: 1 EraseBytes-
#73021	REDUCE cov: 409 ft: 1957 corp: 398/40Kb lim: 3582 exec/s: 593 rss: 549Mb L: 197/2933 MS: 3 EraseBytes-ChangeByte-CopyPart-
#77477	REDUCE cov: 409 ft: 1957 corp: 398/40Kb lim: 3626 exec/s: 595 rss: 549Mb L: 372/2933 MS: 1 EraseBytes-
#102513	REDUCE cov: 409 ft: 1957 corp: 398/40Kb lim: 3868 exec/s: 589 rss: 549Mb L: 876/2933 MS: 1 EraseBytes-
#120480	REDUCE cov: 409 ft: 1957 corp: 398/40Kb lim: 4044 exec/s: 584 rss: 552Mb L: 65/2933 MS: 2 CopyPart-EraseBytes-
#123803	REDUCE cov: 409 ft: 1957 corp: 398/40Kb lim: 4077 exec/s: 583 rss: 552Mb L: 33/2933 MS: 3 ChangeByte-CrossOver-EraseBytes-
#131072	pulse  cov: 409 ft: 1957 corp: 398/40Kb lim: 4096 exec/s: 572 rss: 552Mb
#136189	REDUCE cov: 409 ft: 1957 corp: 398/40Kb lim: 4096 exec/s: 569 rss: 552Mb L: 1995/2933 MS: 1 EraseBytes-
#141409	REDUCE cov: 409 ft: 1957 corp: 398/40Kb lim: 4096 exec/s: 567 rss: 554Mb L: 713/2933 MS: 5 ShuffleBytes-CopyPart-ChangeASCIIInt-InsertByte-EraseBytes-
#148123	REDUCE cov: 409 ft: 1957 corp: 398/40Kb lim: 4096 exec/s: 561 rss: 556Mb L: 823/2933 MS: 4 ShuffleBytes-CopyPart-EraseBytes-EraseBytes-
#152319	REDUCE cov: 409 ft: 1957 corp: 398/40Kb lim: 4096 exec/s: 557 rss: 556Mb L: 626/2933 MS: 1 EraseBytes-
#157357	REDUCE cov: 409 ft: 1957 corp: 398/40Kb lim: 4096 exec/s: 558 rss: 556Mb L: 2912/2912 MS: 3 InsertByte-EraseBytes-CopyPart-
#164618	REDUCE cov: 409 ft: 1957 corp: 398/40Kb lim: 4096 exec/s: 561 rss: 556Mb L: 166/2912 MS: 1 EraseBytes-
#175559	REDUCE cov: 409 ft: 1957 corp: 398/40Kb lim: 4096 exec/s: 557 rss: 556Mb L: 622/2912 MS: 1 EraseBytes-
#189304	REDUCE cov: 409 ft: 1957 corp: 398/40Kb lim: 4096 exec/s: 558 rss: 556Mb L: 772/2912 MS: 5 InsertRepeatedBytes-ShuffleBytes-InsertRepeatedBytes-CopyPart-EraseBytes-
#195944	REDUCE cov: 409 ft: 1957 corp: 398/40Kb lim: 4096 exec/s: 559 rss: 558Mb L: 46/2912 MS: 5 InsertByte-ChangeByte-EraseBytes-InsertByte-CopyPart-
#208471	REDUCE cov: 409 ft: 1957 corp: 398/40Kb lim: 4096 exec/s: 558 rss: 559Mb L: 220/2912 MS: 2 ChangeBinInt-EraseBytes-
#208862	REDUCE cov: 409 ft: 1957 corp: 398/40Kb lim: 4096 exec/s: 558 rss: 560Mb L: 133/2912 MS: 1 EraseBytes-
#223025	REDUCE cov: 409 ft: 1957 corp: 398/40Kb lim: 4096 exec/s: 558 rss: 561Mb L: 856/2912 MS: 3 EraseBytes-InsertByte-CopyPart-
#233677	REDUCE cov: 409 ft: 1957 corp: 398/40Kb lim: 4096 exec/s: 549 rss: 561Mb L: 847/2912 MS: 2 CrossOver-EraseBytes-
#234919	REDUCE cov: 409 ft: 1957 corp: 398/40Kb lim: 4096 exec/s: 551 rss: 561Mb L: 842/2912 MS: 1 EraseBytes-
#238741	REDUCE cov: 409 ft: 1957 corp: 398/40Kb lim: 4096 exec/s: 550 rss: 561Mb L: 32/2912 MS: 1 EraseBytes-
#257243	REDUCE cov: 409 ft: 1957 corp: 398/40Kb lim: 4096 exec/s: 546 rss: 562Mb L: 107/2912 MS: 2 InsertByte-EraseBytes-
#259049	REDUCE cov: 409 ft: 1957 corp: 398/40Kb lim: 4096 exec/s: 546 rss: 562Mb L: 364/2912 MS: 1 EraseBytes-
#262144	pulse  cov: 409 ft: 1957 corp: 398/40Kb lim: 4096 exec/s: 547 rss: 562Mb
#293545	REDUCE cov: 409 ft: 1957 corp: 398/40Kb lim: 4096 exec/s: 543 rss: 562Mb L: 68/2912 MS: 1 EraseBytes-
#309698	REDUCE cov: 409 ft: 1957 corp: 398/40Kb lim: 4096 exec/s: 544 rss: 564Mb L: 47/2912 MS: 3 ShuffleBytes-ShuffleBytes-EraseBytes-
#319319	REDUCE cov: 409 ft: 1957 corp: 398/40Kb lim: 4096 exec/s: 542 rss: 564Mb L: 834/2912 MS: 1 EraseBytes-
#323401	REDUCE cov: 409 ft: 1957 corp: 398/40Kb lim: 4096 exec/s: 542 rss: 564Mb L: 137/2912 MS: 2 ChangeBit-EraseBytes-
#335227	REDUCE cov: 409 ft: 1957 corp: 398/40Kb lim: 4096 exec/s: 543 rss: 564Mb L: 771/2912 MS: 1 EraseBytes-
#335279	REDUCE cov: 409 ft: 1957 corp: 398/40Kb lim: 4096 exec/s: 543 rss: 564Mb L: 769/2912 MS: 2 ShuffleBytes-EraseBytes-
#335520	RELOAD cov: 409 ft: 1958 corp: 399/40Kb lim: 4096 exec/s: 542 rss: 564Mb
#336601	REDUCE cov: 409 ft: 1958 corp: 399/40Kb lim: 4096 exec/s: 542 rss: 564Mb L: 25/2912 MS: 1 EraseBytes-
#365743	REDUCE cov: 409 ft: 1958 corp: 399/40Kb lim: 4096 exec/s: 545 rss: 564Mb L: 155/2912 MS: 2 InsertByte-EraseBytes-
#374208	REDUCE cov: 409 ft: 1958 corp: 399/40Kb lim: 4096 exec/s: 547 rss: 564Mb L: 306/2912 MS: 5 EraseBytes-ShuffleBytes-InsertByte-ShuffleBytes-CrossOver-
#376584	REDUCE cov: 409 ft: 1958 corp: 399/40Kb lim: 4096 exec/s: 545 rss: 565Mb L: 242/2912 MS: 1 EraseBytes-
#388787	REDUCE cov: 409 ft: 1958 corp: 399/40Kb lim: 4096 exec/s: 549 rss: 565Mb L: 301/2912 MS: 3 ChangeByte-ChangeByte-EraseBytes-
#394603	REDUCE cov: 409 ft: 1958 corp: 399/40Kb lim: 4096 exec/s: 546 rss: 565Mb L: 45/2912 MS: 1 EraseBytes-
#405835	REDUCE cov: 409 ft: 1958 corp: 399/40Kb lim: 4096 exec/s: 548 rss: 565Mb L: 429/2912 MS: 2 ChangeBinInt-EraseBytes-
#406593	REDUCE cov: 409 ft: 1958 corp: 399/40Kb lim: 4096 exec/s: 548 rss: 565Mb L: 2334/2912 MS: 3 InsertRepeatedBytes-EraseBytes-CrossOver-
#412974	REDUCE cov: 409 ft: 1958 corp: 399/40Kb lim: 4096 exec/s: 549 rss: 565Mb L: 153/2912 MS: 1 EraseBytes-
#421716	REDUCE cov: 409 ft: 1958 corp: 399/40Kb lim: 4096 exec/s: 551 rss: 565Mb L: 116/2912 MS: 2 ChangeBit-EraseBytes-
#437742	REDUCE cov: 409 ft: 1958 corp: 399/40Kb lim: 4096 exec/s: 553 rss: 565Mb L: 1110/2912 MS: 1 EraseBytes-
#440448	REDUCE cov: 409 ft: 1958 corp: 399/40Kb lim: 4096 exec/s: 554 rss: 565Mb L: 437/2912 MS: 1 EraseBytes-
#461494	REDUCE cov: 409 ft: 1958 corp: 399/40Kb lim: 4096 exec/s: 557 rss: 566Mb L: 350/2912 MS: 1 EraseBytes-
#461606	REDUCE cov: 409 ft: 1958 corp: 399/40Kb lim: 4096 exec/s: 557 rss: 566Mb L: 877/2912 MS: 2 ChangeBinInt-EraseBytes-
#472251	REDUCE cov: 409 ft: 1958 corp: 399/40Kb lim: 4096 exec/s: 559 rss: 567Mb L: 454/2912 MS: 5 InsertRepeatedBytes-ChangeByte-EraseBytes-ChangeBinInt-CopyPart-
#494902	REDUCE cov: 409 ft: 1958 corp: 399/40Kb lim: 4096 exec/s: 562 rss: 567Mb L: 408/2912 MS: 1 EraseBytes-
#496748	REDUCE cov: 409 ft: 1958 corp: 399/40Kb lim: 4096 exec/s: 562 rss: 567Mb L: 147/2912 MS: 1 EraseBytes-
#508029	REDUCE cov: 409 ft: 1958 corp: 399/40Kb lim: 4096 exec/s: 564 rss: 567Mb L: 219/2912 MS: 1 EraseBytes-
#513049	REDUCE cov: 409 ft: 1958 corp: 399/40Kb lim: 4096 exec/s: 565 rss: 567Mb L: 797/2912 MS: 5 EraseBytes-EraseBytes-InsertByte-CopyPart-CrossOver-
#519853	REDUCE cov: 409 ft: 1958 corp: 399/40Kb lim: 4096 exec/s: 565 rss: 567Mb L: 2209/2912 MS: 4 InsertByte-EraseBytes-EraseBytes-CopyPart-
#524288	pulse  cov: 409 ft: 1958 corp: 399/40Kb lim: 4096 exec/s: 566 rss: 567Mb
#536799	REDUCE cov: 409 ft: 1958 corp: 399/40Kb lim: 4096 exec/s: 570 rss: 568Mb L: 55/2912 MS: 1 EraseBytes-
#546254	REDUCE cov: 409 ft: 1958 corp: 399/40Kb lim: 4096 exec/s: 571 rss: 568Mb L: 765/2912 MS: 5 ShuffleBytes-ShuffleBytes-ChangeASCIIInt-CopyPart-EraseBytes-
#557881	REDUCE cov: 409 ft: 1958 corp: 399/40Kb lim: 4096 exec/s: 573 rss: 569Mb L: 2198/2912 MS: 2 ShuffleBytes-EraseBytes-
#578826	REDUCE cov: 409 ft: 1958 corp: 399/40Kb lim: 4096 exec/s: 576 rss: 569Mb L: 1097/2912 MS: 5 EraseBytes-ChangeBit-InsertByte-ChangeByte-CopyPart-
#582462	REDUCE cov: 409 ft: 1958 corp: 399/40Kb lim: 4096 exec/s: 576 rss: 569Mb L: 43/2912 MS: 1 EraseBytes-
#632837	REDUCE cov: 409 ft: 1958 corp: 399/40Kb lim: 4096 exec/s: 583 rss: 570Mb L: 423/2912 MS: 5 ShuffleBytes-ShuffleBytes-ShuffleBytes-ChangeASCIIInt-EraseBytes-
#642333	REDUCE cov: 409 ft: 1958 corp: 399/40Kb lim: 4096 exec/s: 584 rss: 570Mb L: 101/2912 MS: 1 EraseBytes-
#650175	REDUCE cov: 409 ft: 1958 corp: 399/40Kb lim: 4096 exec/s: 586 rss: 570Mb L: 923/2912 MS: 2 CrossOver-EraseBytes-
#652668	REDUCE cov: 409 ft: 1958 corp: 399/40Kb lim: 4096 exec/s: 586 rss: 570Mb L: 138/2912 MS: 3 ShuffleBytes-ChangeByte-EraseBytes-
#671697	REDUCE cov: 409 ft: 1958 corp: 399/40Kb lim: 4096 exec/s: 587 rss: 570Mb L: 160/2912 MS: 4 CopyPart-CrossOver-CopyPart-EraseBytes-
#678594	REDUCE cov: 409 ft: 1958 corp: 399/40Kb lim: 4096 exec/s: 587 rss: 570Mb L: 234/2912 MS: 2 EraseBytes-CopyPart-
#688640	REDUCE cov: 409 ft: 1958 corp: 399/40Kb lim: 4096 exec/s: 585 rss: 574Mb L: 2095/2912 MS: 1 EraseBytes-
#690303	REDUCE cov: 409 ft: 1958 corp: 399/40Kb lim: 4096 exec/s: 585 rss: 574Mb L: 1965/2912 MS: 3 ChangeByte-CopyPart-EraseBytes-
#716665	REDUCE cov: 409 ft: 1958 corp: 399/40Kb lim: 4096 exec/s: 584 rss: 574Mb L: 876/2912 MS: 2 ChangeByte-EraseBytes-
#729012	REDUCE cov: 409 ft: 1958 corp: 399/40Kb lim: 4096 exec/s: 585 rss: 574Mb L: 2892/2892 MS: 2 InsertByte-EraseBytes-
#733528	REDUCE cov: 409 ft: 1958 corp: 399/40Kb lim: 4096 exec/s: 584 rss: 574Mb L: 26/2892 MS: 1 EraseBytes-
#741205	REDUCE cov: 409 ft: 1958 corp: 399/40Kb lim: 4096 exec/s: 586 rss: 574Mb L: 110/2892 MS: 2 ChangeBit-EraseBytes-
#743536	REDUCE cov: 409 ft: 1958 corp: 399/40Kb lim: 4096 exec/s: 586 rss: 574Mb L: 54/2892 MS: 1 EraseBytes-
#754770	REDUCE cov: 409 ft: 1958 corp: 399/40Kb lim: 4096 exec/s: 586 rss: 574Mb L: 2018/2892 MS: 4 ChangeByte-ChangeBit-EraseBytes-CopyPart-
#782061	REDUCE cov: 409 ft: 1958 corp: 399/40Kb lim: 4096 exec/s: 589 rss: 574Mb L: 1100/2892 MS: 1 EraseBytes-
#786313	REDUCE cov: 409 ft: 1958 corp: 399/40Kb lim: 4096 exec/s: 590 rss: 574Mb L: 100/2892 MS: 2 ShuffleBytes-EraseBytes-
#797472	REDUCE cov: 409 ft: 1958 corp: 399/40Kb lim: 4096 exec/s: 587 rss: 574Mb L: 109/2892 MS: 4 InsertByte-ChangeBit-ChangeBit-EraseBytes-
#834693	REDUCE cov: 409 ft: 1958 corp: 399/40Kb lim: 4096 exec/s: 588 rss: 574Mb L: 152/2892 MS: 1 EraseBytes-
#835231	REDUCE cov: 409 ft: 1958 corp: 399/40Kb lim: 4096 exec/s: 588 rss: 574Mb L: 1981/2892 MS: 3 ShuffleBytes-CopyPart-EraseBytes-
#835302	REDUCE cov: 409 ft: 1958 corp: 399/40Kb lim: 4096 exec/s: 588 rss: 574Mb L: 43/2892 MS: 1 EraseBytes-
#835868	REDUCE cov: 409 ft: 1958 corp: 399/40Kb lim: 4096 exec/s: 588 rss: 575Mb L: 329/2892 MS: 1 EraseBytes-
#841789	REDUCE cov: 409 ft: 1958 corp: 399/40Kb lim: 4096 exec/s: 588 rss: 576Mb L: 872/2892 MS: 1 EraseBytes-
#846697	REDUCE cov: 409 ft: 1958 corp: 399/40Kb lim: 4096 exec/s: 589 rss: 577Mb L: 435/2892 MS: 3 ShuffleBytes-ChangeBinInt-EraseBytes-
#849208	REDUCE cov: 409 ft: 1958 corp: 399/40Kb lim: 4096 exec/s: 589 rss: 580Mb L: 739/2892 MS: 1 EraseBytes-
#850808	REDUCE cov: 409 ft: 1958 corp: 399/40Kb lim: 4096 exec/s: 589 rss: 580Mb L: 828/2892 MS: 5 EraseBytes-InsertByte-CrossOver-ChangeASCIIInt-CrossOver-
#860241	REDUCE cov: 409 ft: 1958 corp: 399/40Kb lim: 4096 exec/s: 591 rss: 580Mb L: 1050/2892 MS: 3 CrossOver-ChangeBit-EraseBytes-
#860630	REDUCE cov: 409 ft: 1958 corp: 399/40Kb lim: 4096 exec/s: 591 rss: 580Mb L: 1927/2892 MS: 4 ChangeByte-InsertByte-InsertByte-EraseBytes-
#877543	REDUCE cov: 409 ft: 1958 corp: 399/40Kb lim: 4096 exec/s: 591 rss: 580Mb L: 229/2892 MS: 3 EraseBytes-ChangeASCIIInt-CopyPart-
#881985	REDUCE cov: 409 ft: 1958 corp: 399/40Kb lim: 4096 exec/s: 591 rss: 580Mb L: 804/2892 MS: 2 EraseBytes-CopyPart-
#888135	REDUCE cov: 409 ft: 1958 corp: 399/40Kb lim: 4096 exec/s: 591 rss: 580Mb L: 779/2892 MS: 5 ChangeBit-InsertRepeatedBytes-ChangeASCIIInt-EraseBytes-CopyPart-
#897912	REDUCE cov: 409 ft: 1958 corp: 399/40Kb lim: 4096 exec/s: 591 rss: 580Mb L: 25/2892 MS: 1 EraseBytes-
#905744	REDUCE cov: 409 ft: 1958 corp: 399/39Kb lim: 4096 exec/s: 592 rss: 580Mb L: 742/2892 MS: 2 ChangeByte-EraseBytes-
#914223	REDUCE cov: 409 ft: 1958 corp: 399/39Kb lim: 4096 exec/s: 592 rss: 580Mb L: 807/2892 MS: 4 EraseBytes-InsertByte-ChangeBinInt-CopyPart-
#916487	REDUCE cov: 409 ft: 1958 corp: 399/39Kb lim: 4096 exec/s: 592 rss: 580Mb L: 514/2892 MS: 4 ShuffleBytes-InsertRepeatedBytes-ShuffleBytes-EraseBytes-
#925505	REDUCE cov: 409 ft: 1958 corp: 399/39Kb lim: 4096 exec/s: 594 rss: 580Mb L: 68/2892 MS: 3 EraseBytes-InsertByte-CopyPart-
#928711	REDUCE cov: 409 ft: 1958 corp: 399/39Kb lim: 4096 exec/s: 594 rss: 580Mb L: 1900/2892 MS: 1 EraseBytes-
#932808	REDUCE cov: 409 ft: 1958 corp: 399/39Kb lim: 4096 exec/s: 594 rss: 580Mb L: 1899/2892 MS: 2 ChangeByte-EraseBytes-
#950189	REDUCE cov: 409 ft: 1958 corp: 399/39Kb lim: 4096 exec/s: 594 rss: 580Mb L: 804/2892 MS: 5 InsertByte-InsertByte-InsertByte-CopyPart-EraseBytes-
#950806	REDUCE cov: 409 ft: 1958 corp: 399/39Kb lim: 4096 exec/s: 594 rss: 580Mb L: 41/2892 MS: 2 ChangeByte-EraseBytes-
#951907	REDUCE cov: 409 ft: 1958 corp: 399/39Kb lim: 4096 exec/s: 594 rss: 580Mb L: 37/2892 MS: 1 EraseBytes-
#955524	REDUCE cov: 409 ft: 1958 corp: 399/39Kb lim: 4096 exec/s: 595 rss: 580Mb L: 480/2892 MS: 2 ShuffleBytes-EraseBytes-
#967443	REDUCE cov: 409 ft: 1958 corp: 399/39Kb lim: 4096 exec/s: 596 rss: 580Mb L: 1864/2892 MS: 4 CrossOver-EraseBytes-ChangeBit-CrossOver-
#970016	REDUCE cov: 409 ft: 1958 corp: 399/39Kb lim: 4096 exec/s: 595 rss: 580Mb L: 1041/2892 MS: 3 CopyPart-CopyPart-EraseBytes-
#979393	REDUCE cov: 409 ft: 1958 corp: 399/39Kb lim: 4096 exec/s: 593 rss: 582Mb L: 1088/2892 MS: 2 ChangeBit-EraseBytes-
#981989	REDUCE cov: 409 ft: 1958 corp: 399/39Kb lim: 4096 exec/s: 594 rss: 582Mb L: 764/2892 MS: 1 EraseBytes-
#986176	REDUCE cov: 409 ft: 1958 corp: 399/39Kb lim: 4096 exec/s: 594 rss: 582Mb L: 33/2892 MS: 2 ShuffleBytes-EraseBytes-
#999428	REDUCE cov: 409 ft: 1958 corp: 399/39Kb lim: 4096 exec/s: 595 rss: 582Mb L: 511/2892 MS: 2 CopyPart-EraseBytes-
#1025369	REDUCE cov: 409 ft: 1958 corp: 399/39Kb lim: 4096 exec/s: 598 rss: 582Mb L: 497/2892 MS: 1 EraseBytes-
#1030157	REDUCE cov: 409 ft: 1958 corp: 399/39Kb lim: 4096 exec/s: 599 rss: 582Mb L: 420/2892 MS: 2 CopyPart-EraseBytes-
#1048576	pulse  cov: 409 ft: 1958 corp: 399/39Kb lim: 4096 exec/s: 601 rss: 582Mb
#1058069	REDUCE cov: 409 ft: 1958 corp: 399/39Kb lim: 4096 exec/s: 600 rss: 582Mb L: 452/2892 MS: 2 ChangeBit-EraseBytes-
#1063710	REDUCE cov: 409 ft: 1958 corp: 399/39Kb lim: 4096 exec/s: 601 rss: 583Mb L: 146/2892 MS: 1 EraseBytes-
#1083040	DONE   cov: 409 ft: 1958 corp: 399/39Kb lim: 4096 exec/s: 601 rss: 584Mb
Done 1083040 runs in 1801 second(s)
stat::number_of_executed_units: 1083040
stat::average_exec_per_sec:     601
stat::new_units_added:          112
stat::slowest_unit_time_sec:    0
stat::peak_rss_mb:              584
