    Finished `release` profile [optimized + debuginfo] target(s) in 0.11s
    Finished `release` profile [optimized + debuginfo] target(s) in 0.09s
     Running `fuzz/target/x86_64-unknown-linux-gnu/release/ilrp_recovery -artifact_prefix=/home/brianklam/Desktop/liminal/fuzz/artifacts/ilrp_recovery/ -max_total_time=1800 -seed=20260725 -rss_limit_mb=4096 -print_final_stats=1 /home/brianklam/Desktop/liminal/fuzz/corpus/ilrp_recovery`
INFO: Running with entropic power schedule (0xFF, 100).
INFO: Seed: 20260725
INFO: Loaded 1 modules   (416 inline 8-bit counters): 416 [0x5600f67e0b30, 0x5600f67e0cd0), 
INFO: Loaded 1 PC tables (416 PCs): 416 [0x5600f67e0cd0,0x5600f67e26d0), 
INFO:      133 files found in /home/brianklam/Desktop/liminal/fuzz/corpus/ilrp_recovery
INFO: -max_len is not provided; libFuzzer will not generate inputs larger than 4096 bytes
INFO: seed corpus: files: 133 min: 1b max: 244b total: 10585b rss: 38Mb
#134	INITED cov: 77 ft: 388 corp: 73/2913b exec/s: 0 rss: 38Mb
#32768	pulse  cov: 77 ft: 388 corp: 73/2913b lim: 530 exec/s: 16384 rss: 315Mb
#65536	pulse  cov: 77 ft: 388 corp: 73/2913b lim: 854 exec/s: 16384 rss: 601Mb
#131072	pulse  cov: 77 ft: 388 corp: 73/2913b lim: 1505 exec/s: 16384 rss: 947Mb
#262144	pulse  cov: 77 ft: 388 corp: 73/2913b lim: 2814 exec/s: 15420 rss: 948Mb
#524288	pulse  cov: 77 ft: 388 corp: 73/2913b lim: 4096 exec/s: 15420 rss: 948Mb
#1048576	pulse  cov: 77 ft: 388 corp: 73/2913b lim: 4096 exec/s: 15650 rss: 948Mb
#2097152	pulse  cov: 77 ft: 388 corp: 73/2913b lim: 4096 exec/s: 15534 rss: 949Mb
#4194304	pulse  cov: 77 ft: 388 corp: 73/2913b lim: 4096 exec/s: 16320 rss: 949Mb
#8388608	pulse  cov: 77 ft: 388 corp: 73/2913b lim: 4096 exec/s: 16448 rss: 949Mb
#16777216	pulse  cov: 77 ft: 388 corp: 73/2913b lim: 4096 exec/s: 16878 rss: 950Mb
#30456964	DONE   cov: 77 ft: 388 corp: 73/2913b lim: 4096 exec/s: 16911 rss: 950Mb
Done 30456964 runs in 1801 second(s)
stat::number_of_executed_units: 30456964
stat::average_exec_per_sec:     16911
stat::new_units_added:          0
stat::slowest_unit_time_sec:    0
stat::peak_rss_mb:              950
