    Finished `release` profile [optimized + debuginfo] target(s) in 0.08s
    Finished `release` profile [optimized + debuginfo] target(s) in 0.08s
     Running `fuzz/target/x86_64-unknown-linux-gnu/release/incremental_full_equivalence -artifact_prefix=/home/brianklam/Desktop/liminal/fuzz/artifacts/incremental_full_equivalence/ -max_total_time=1800 -seed=20260725 -rss_limit_mb=4096 -print_final_stats=1 /home/brianklam/Desktop/liminal/fuzz/corpus/incremental_full_equivalence`
INFO: Running with entropic power schedule (0xFF, 100).
INFO: Seed: 20260725
INFO: Loaded 1 modules   (3263 inline 8-bit counters): 3263 [0x55cf65711cf0, 0x55cf657129af), 
INFO: Loaded 1 PC tables (3263 PCs): 3263 [0x55cf657129b0,0x55cf6571f5a0), 
INFO:     4466 files found in /home/brianklam/Desktop/liminal/fuzz/corpus/incremental_full_equivalence
INFO: -max_len is not provided; libFuzzer will not generate inputs larger than 4096 bytes
INFO: seed corpus: files: 4466 min: 1b max: 3638b total: 1379896b rss: 39Mb
#4096	pulse  cov: 590 ft: 2979 corp: 379/35Kb exec/s: 1365 rss: 174Mb
#4467	INITED cov: 590 ft: 3106 corp: 406/90Kb exec/s: 343 rss: 245Mb
#5694	REDUCE cov: 590 ft: 3106 corp: 406/90Kb lim: 3660 exec/s: 406 rss: 269Mb L: 50/3638 MS: 2 CopyPart-EraseBytes-
#6131	REDUCE cov: 590 ft: 3106 corp: 406/90Kb lim: 3660 exec/s: 408 rss: 279Mb L: 13/3638 MS: 2 ChangeBinInt-EraseBytes-
#7418	REDUCE cov: 590 ft: 3106 corp: 406/90Kb lim: 3671 exec/s: 412 rss: 312Mb L: 187/3638 MS: 2 CMP-EraseBytes- DE: "\001\000\000\000\000\000\000\020"-
#8192	pulse  cov: 590 ft: 3106 corp: 406/90Kb lim: 3671 exec/s: 390 rss: 341Mb
#8471	REDUCE cov: 590 ft: 3106 corp: 406/90Kb lim: 3671 exec/s: 403 rss: 347Mb L: 140/3638 MS: 3 ShuffleBytes-CrossOver-EraseBytes-
#14254	REDUCE cov: 590 ft: 3106 corp: 406/89Kb lim: 3726 exec/s: 407 rss: 435Mb L: 3269/3286 MS: 3 ShuffleBytes-CrossOver-EraseBytes-
#14677	REDUCE cov: 590 ft: 3106 corp: 406/89Kb lim: 3726 exec/s: 396 rss: 435Mb L: 2094/3286 MS: 3 EraseBytes-CMP-CopyPart- DE: "\377\377\377\377\377\377\013\213"-
#15629	REDUCE cov: 590 ft: 3106 corp: 406/89Kb lim: 3726 exec/s: 390 rss: 435Mb L: 288/3286 MS: 2 EraseBytes-CopyPart-
#16384	pulse  cov: 590 ft: 3106 corp: 406/89Kb lim: 3726 exec/s: 381 rss: 435Mb
#18465	REDUCE cov: 590 ft: 3106 corp: 406/89Kb lim: 3748 exec/s: 384 rss: 435Mb L: 61/3286 MS: 1 EraseBytes-
#19144	REDUCE cov: 590 ft: 3106 corp: 406/89Kb lim: 3748 exec/s: 390 rss: 435Mb L: 232/3286 MS: 4 InsertByte-ChangeBit-CrossOver-EraseBytes-
#21300	REDUCE cov: 590 ft: 3106 corp: 406/89Kb lim: 3759 exec/s: 387 rss: 435Mb L: 192/3286 MS: 1 EraseBytes-
#23140	REDUCE cov: 590 ft: 3106 corp: 406/89Kb lim: 3770 exec/s: 392 rss: 435Mb L: 117/3286 MS: 5 ChangeBinInt-ChangeByte-ChangeBinInt-EraseBytes-PersAutoDict- DE: "\377\377\377\377\377\377\013\213"-
#24786	REDUCE cov: 590 ft: 3106 corp: 406/89Kb lim: 3781 exec/s: 399 rss: 435Mb L: 1118/3286 MS: 1 EraseBytes-
#29223	REDUCE cov: 590 ft: 3106 corp: 406/89Kb lim: 3825 exec/s: 400 rss: 435Mb L: 137/3286 MS: 2 InsertByte-EraseBytes-
#30239	REDUCE cov: 590 ft: 3106 corp: 406/89Kb lim: 3825 exec/s: 397 rss: 435Mb L: 738/3286 MS: 1 EraseBytes-
#30866	REDUCE cov: 590 ft: 3106 corp: 406/89Kb lim: 3825 exec/s: 400 rss: 435Mb L: 24/3286 MS: 2 ChangeBit-EraseBytes-
#32768	pulse  cov: 590 ft: 3106 corp: 406/89Kb lim: 3836 exec/s: 394 rss: 435Mb
#35897	REDUCE cov: 590 ft: 3106 corp: 406/89Kb lim: 3869 exec/s: 403 rss: 435Mb L: 38/3286 MS: 1 EraseBytes-
#36488	REDUCE cov: 590 ft: 3106 corp: 406/89Kb lim: 3869 exec/s: 405 rss: 435Mb L: 238/3286 MS: 1 EraseBytes-
#36644	REDUCE cov: 590 ft: 3106 corp: 406/89Kb lim: 3869 exec/s: 407 rss: 435Mb L: 164/3286 MS: 1 EraseBytes-
#40181	REDUCE cov: 590 ft: 3106 corp: 406/89Kb lim: 3902 exec/s: 405 rss: 435Mb L: 2399/3286 MS: 2 ChangeBinInt-EraseBytes-
#48482	REDUCE cov: 590 ft: 3106 corp: 406/89Kb lim: 3979 exec/s: 387 rss: 435Mb L: 2108/3286 MS: 1 EraseBytes-
#48874	REDUCE cov: 590 ft: 3106 corp: 406/89Kb lim: 3979 exec/s: 384 rss: 435Mb L: 246/3286 MS: 2 EraseBytes-CopyPart-
#49636	REDUCE cov: 590 ft: 3106 corp: 406/89Kb lim: 3979 exec/s: 390 rss: 435Mb L: 452/3286 MS: 2 CopyPart-EraseBytes-
#54162	REDUCE cov: 590 ft: 3106 corp: 406/89Kb lim: 4023 exec/s: 381 rss: 435Mb L: 573/3286 MS: 1 EraseBytes-
#62098	REDUCE cov: 590 ft: 3106 corp: 406/89Kb lim: 4096 exec/s: 380 rss: 435Mb L: 20/3286 MS: 1 EraseBytes-
#62495	REDUCE cov: 590 ft: 3106 corp: 406/89Kb lim: 4096 exec/s: 381 rss: 435Mb L: 14/3286 MS: 2 InsertByte-EraseBytes-
#65111	REDUCE cov: 590 ft: 3106 corp: 406/89Kb lim: 4096 exec/s: 380 rss: 435Mb L: 132/3286 MS: 1 EraseBytes-
#65250	REDUCE cov: 590 ft: 3106 corp: 406/89Kb lim: 4096 exec/s: 379 rss: 435Mb L: 321/3286 MS: 4 ShuffleBytes-ShuffleBytes-EraseBytes-CopyPart-
#65536	pulse  cov: 590 ft: 3106 corp: 406/89Kb lim: 4096 exec/s: 378 rss: 436Mb
#69311	REDUCE cov: 590 ft: 3106 corp: 406/89Kb lim: 4096 exec/s: 378 rss: 437Mb L: 122/3286 MS: 1 EraseBytes-
#69839	REDUCE cov: 590 ft: 3106 corp: 406/89Kb lim: 4096 exec/s: 377 rss: 437Mb L: 161/3286 MS: 3 InsertByte-InsertByte-EraseBytes-
#70706	REDUCE cov: 590 ft: 3106 corp: 406/89Kb lim: 4096 exec/s: 378 rss: 437Mb L: 608/3286 MS: 2 CopyPart-EraseBytes-
#73607	REDUCE cov: 590 ft: 3106 corp: 406/89Kb lim: 4096 exec/s: 379 rss: 441Mb L: 30/3286 MS: 1 EraseBytes-
#78898	REDUCE cov: 590 ft: 3106 corp: 406/89Kb lim: 4096 exec/s: 384 rss: 441Mb L: 386/3286 MS: 1 EraseBytes-
#79820	REDUCE cov: 590 ft: 3106 corp: 406/89Kb lim: 4096 exec/s: 385 rss: 441Mb L: 184/3286 MS: 2 ChangeBinInt-EraseBytes-
#81938	REDUCE cov: 590 ft: 3106 corp: 406/89Kb lim: 4096 exec/s: 388 rss: 441Mb L: 133/3286 MS: 3 EraseBytes-ChangeBit-InsertByte-
#82300	REDUCE cov: 590 ft: 3106 corp: 406/89Kb lim: 4096 exec/s: 388 rss: 441Mb L: 19/3286 MS: 2 ShuffleBytes-EraseBytes-
#84159	REDUCE cov: 590 ft: 3106 corp: 406/89Kb lim: 4096 exec/s: 387 rss: 441Mb L: 468/3286 MS: 4 CopyPart-ChangeBinInt-CrossOver-EraseBytes-
#84524	REDUCE cov: 590 ft: 3106 corp: 406/89Kb lim: 4096 exec/s: 389 rss: 441Mb L: 584/3286 MS: 5 EraseBytes-CopyPart-PersAutoDict-InsertRepeatedBytes-EraseBytes- DE: "\377\377\377\377\377\377\013\213"-
#84845	REDUCE cov: 590 ft: 3106 corp: 406/89Kb lim: 4096 exec/s: 389 rss: 441Mb L: 12/3286 MS: 1 EraseBytes-
#85167	REDUCE cov: 590 ft: 3106 corp: 406/89Kb lim: 4096 exec/s: 388 rss: 441Mb L: 310/3286 MS: 2 ChangeByte-EraseBytes-
#86614	REDUCE cov: 590 ft: 3106 corp: 406/89Kb lim: 4096 exec/s: 390 rss: 441Mb L: 29/3286 MS: 2 ChangeBit-EraseBytes-
#90427	REDUCE cov: 590 ft: 3106 corp: 406/89Kb lim: 4096 exec/s: 393 rss: 441Mb L: 40/3286 MS: 3 InsertRepeatedBytes-ShuffleBytes-EraseBytes-
#90753	REDUCE cov: 590 ft: 3106 corp: 406/89Kb lim: 4096 exec/s: 392 rss: 441Mb L: 37/3286 MS: 1 EraseBytes-
#91438	REDUCE cov: 590 ft: 3106 corp: 406/89Kb lim: 4096 exec/s: 394 rss: 441Mb L: 48/3286 MS: 5 ChangeBinInt-ChangeBit-CopyPart-EraseBytes-CopyPart-
#93479	REDUCE cov: 590 ft: 3106 corp: 406/89Kb lim: 4096 exec/s: 396 rss: 446Mb L: 3036/3286 MS: 1 EraseBytes-
#97205	REDUCE cov: 590 ft: 3106 corp: 406/89Kb lim: 4096 exec/s: 401 rss: 446Mb L: 446/3286 MS: 1 EraseBytes-
#100542	REDUCE cov: 590 ft: 3106 corp: 406/89Kb lim: 4096 exec/s: 405 rss: 446Mb L: 37/3286 MS: 2 ChangeBit-EraseBytes-
#104629	REDUCE cov: 590 ft: 3106 corp: 406/89Kb lim: 4096 exec/s: 405 rss: 446Mb L: 29/3286 MS: 2 ChangeBinInt-EraseBytes-
#110330	REDUCE cov: 590 ft: 3106 corp: 406/89Kb lim: 4096 exec/s: 408 rss: 446Mb L: 231/3286 MS: 1 EraseBytes-
#115034	REDUCE cov: 590 ft: 3106 corp: 406/89Kb lim: 4096 exec/s: 413 rss: 446Mb L: 462/3286 MS: 4 ShuffleBytes-EraseBytes-ChangeByte-CopyPart-
#118875	REDUCE cov: 590 ft: 3106 corp: 406/89Kb lim: 4096 exec/s: 420 rss: 446Mb L: 105/3286 MS: 1 EraseBytes-
#125815	REDUCE cov: 590 ft: 3106 corp: 406/89Kb lim: 4096 exec/s: 427 rss: 449Mb L: 139/3286 MS: 5 EraseBytes-ChangeByte-ShuffleBytes-ChangeBit-CopyPart-
#126466	REDUCE cov: 590 ft: 3106 corp: 406/89Kb lim: 4096 exec/s: 428 rss: 449Mb L: 10/3286 MS: 1 EraseBytes-
#126548	REDUCE cov: 590 ft: 3106 corp: 406/89Kb lim: 4096 exec/s: 428 rss: 449Mb L: 45/3286 MS: 2 CrossOver-EraseBytes-
#131072	pulse  cov: 590 ft: 3106 corp: 406/89Kb lim: 4096 exec/s: 435 rss: 452Mb
#150269	REDUCE cov: 590 ft: 3106 corp: 406/89Kb lim: 4096 exec/s: 451 rss: 452Mb L: 3170/3286 MS: 1 EraseBytes-
#152352	REDUCE cov: 590 ft: 3106 corp: 406/89Kb lim: 4096 exec/s: 453 rss: 452Mb L: 2106/3286 MS: 3 ShuffleBytes-ChangeByte-EraseBytes-
#154388	REDUCE cov: 590 ft: 3106 corp: 406/89Kb lim: 4096 exec/s: 452 rss: 452Mb L: 106/3286 MS: 1 EraseBytes-
#159699	REDUCE cov: 590 ft: 3106 corp: 406/89Kb lim: 4096 exec/s: 457 rss: 452Mb L: 18/3286 MS: 1 EraseBytes-
#170270	REDUCE cov: 590 ft: 3106 corp: 406/89Kb lim: 4096 exec/s: 469 rss: 452Mb L: 44/3286 MS: 1 EraseBytes-
#182156	REDUCE cov: 590 ft: 3106 corp: 406/89Kb lim: 4096 exec/s: 474 rss: 452Mb L: 42/3286 MS: 1 EraseBytes-
#182210	REDUCE cov: 590 ft: 3106 corp: 406/89Kb lim: 4096 exec/s: 474 rss: 452Mb L: 517/3286 MS: 4 EraseBytes-InsertByte-CopyPart-CopyPart-
#184844	REDUCE cov: 590 ft: 3106 corp: 406/89Kb lim: 4096 exec/s: 473 rss: 452Mb L: 60/3286 MS: 3 ShuffleBytes-ChangeASCIIInt-EraseBytes-
#185478	REDUCE cov: 590 ft: 3106 corp: 406/89Kb lim: 4096 exec/s: 474 rss: 452Mb L: 772/3286 MS: 4 ChangeBinInt-ChangeASCIIInt-ChangeByte-EraseBytes-
#190210	REDUCE cov: 590 ft: 3106 corp: 406/89Kb lim: 4096 exec/s: 477 rss: 456Mb L: 122/3286 MS: 2 ChangeByte-EraseBytes-
#190851	REDUCE cov: 590 ft: 3106 corp: 406/89Kb lim: 4096 exec/s: 478 rss: 456Mb L: 37/3286 MS: 1 EraseBytes-
#190917	REDUCE cov: 590 ft: 3106 corp: 406/89Kb lim: 4096 exec/s: 478 rss: 456Mb L: 34/3286 MS: 1 EraseBytes-
#193359	REDUCE cov: 590 ft: 3106 corp: 406/89Kb lim: 4096 exec/s: 477 rss: 456Mb L: 175/3286 MS: 1 EraseBytes-
#201152	REDUCE cov: 590 ft: 3106 corp: 406/89Kb lim: 4096 exec/s: 477 rss: 456Mb L: 199/3286 MS: 2 InsertRepeatedBytes-EraseBytes-
#204330	REDUCE cov: 590 ft: 3106 corp: 406/89Kb lim: 4096 exec/s: 478 rss: 456Mb L: 120/3286 MS: 3 ChangeByte-EraseBytes-CrossOver-
#216566	REDUCE cov: 590 ft: 3106 corp: 406/89Kb lim: 4096 exec/s: 481 rss: 456Mb L: 465/3286 MS: 1 EraseBytes-
#218889	REDUCE cov: 590 ft: 3106 corp: 406/89Kb lim: 4096 exec/s: 483 rss: 457Mb L: 1129/3286 MS: 3 InsertByte-CopyPart-EraseBytes-
#229774	REDUCE cov: 590 ft: 3106 corp: 406/89Kb lim: 4096 exec/s: 484 rss: 458Mb L: 1416/3286 MS: 5 ChangeBinInt-PersAutoDict-EraseBytes-ChangeASCIIInt-CopyPart- DE: "\377\377\377\377\377\377\013\213"-
#231775	REDUCE cov: 590 ft: 3106 corp: 406/89Kb lim: 4096 exec/s: 482 rss: 458Mb L: 105/3286 MS: 1 EraseBytes-
#247728	REDUCE cov: 590 ft: 3106 corp: 406/89Kb lim: 4096 exec/s: 483 rss: 460Mb L: 3159/3286 MS: 3 PersAutoDict-CopyPart-EraseBytes- DE: "\001\000\000\000\000\000\000\020"-
#248949	REDUCE cov: 590 ft: 3106 corp: 406/89Kb lim: 4096 exec/s: 483 rss: 460Mb L: 242/3286 MS: 1 EraseBytes-
#250263	REDUCE cov: 590 ft: 3106 corp: 406/89Kb lim: 4096 exec/s: 484 rss: 460Mb L: 488/3286 MS: 4 InsertByte-InsertByte-ChangeByte-EraseBytes-
#252175	REDUCE cov: 590 ft: 3106 corp: 406/89Kb lim: 4096 exec/s: 484 rss: 460Mb L: 1200/3286 MS: 2 CopyPart-EraseBytes-
#252898	REDUCE cov: 590 ft: 3106 corp: 406/89Kb lim: 4096 exec/s: 483 rss: 460Mb L: 294/3286 MS: 3 ChangeBit-ChangeBinInt-EraseBytes-
#253397	REDUCE cov: 590 ft: 3106 corp: 406/89Kb lim: 4096 exec/s: 484 rss: 461Mb L: 255/3286 MS: 4 EraseBytes-ChangeByte-InsertByte-CopyPart-
#255241	REDUCE cov: 590 ft: 3106 corp: 406/88Kb lim: 4096 exec/s: 483 rss: 464Mb L: 3133/3286 MS: 3 EraseBytes-InsertByte-CopyPart-
#255886	REDUCE cov: 590 ft: 3106 corp: 406/88Kb lim: 4096 exec/s: 484 rss: 464Mb L: 251/3286 MS: 4 ChangeByte-InsertByte-ChangeBinInt-EraseBytes-
#258052	REDUCE cov: 590 ft: 3106 corp: 406/88Kb lim: 4096 exec/s: 485 rss: 464Mb L: 57/3286 MS: 1 EraseBytes-
#258729	REDUCE cov: 590 ft: 3106 corp: 406/88Kb lim: 4096 exec/s: 485 rss: 465Mb L: 112/3286 MS: 2 EraseBytes-PersAutoDict- DE: "\377\377\377\377\377\377\013\213"-
#262144	pulse  cov: 590 ft: 3106 corp: 406/88Kb lim: 4096 exec/s: 485 rss: 465Mb
#265710	REDUCE cov: 590 ft: 3106 corp: 406/88Kb lim: 4096 exec/s: 486 rss: 465Mb L: 253/3286 MS: 1 EraseBytes-
#268866	REDUCE cov: 590 ft: 3106 corp: 406/88Kb lim: 4096 exec/s: 486 rss: 465Mb L: 54/3286 MS: 1 EraseBytes-
#270453	REDUCE cov: 590 ft: 3106 corp: 406/88Kb lim: 4096 exec/s: 487 rss: 465Mb L: 480/3286 MS: 2 CMP-EraseBytes- DE: "\001\000\000\000\000\000\000\007"-
#272986	REDUCE cov: 590 ft: 3106 corp: 406/88Kb lim: 4096 exec/s: 486 rss: 465Mb L: 12/3286 MS: 3 PersAutoDict-ChangeBit-EraseBytes- DE: "\001\000\000\000\000\000\000\020"-
#279282	REDUCE cov: 590 ft: 3106 corp: 406/88Kb lim: 4096 exec/s: 487 rss: 465Mb L: 1063/3286 MS: 1 EraseBytes-
#285516	REDUCE cov: 590 ft: 3106 corp: 406/88Kb lim: 4096 exec/s: 488 rss: 465Mb L: 28/3286 MS: 4 PersAutoDict-EraseBytes-ChangeBinInt-CrossOver- DE: "\001\000\000\000\000\000\000\020"-
#289772	REDUCE cov: 590 ft: 3106 corp: 406/88Kb lim: 4096 exec/s: 489 rss: 465Mb L: 182/3286 MS: 1 EraseBytes-
#297568	REDUCE cov: 590 ft: 3106 corp: 406/88Kb lim: 4096 exec/s: 487 rss: 465Mb L: 120/3286 MS: 1 EraseBytes-
#298924	REDUCE cov: 590 ft: 3106 corp: 406/88Kb lim: 4096 exec/s: 487 rss: 465Mb L: 110/3286 MS: 1 EraseBytes-
#302590	REDUCE cov: 590 ft: 3106 corp: 406/88Kb lim: 4096 exec/s: 489 rss: 465Mb L: 36/3286 MS: 1 EraseBytes-
#302731	REDUCE cov: 590 ft: 3106 corp: 406/88Kb lim: 4096 exec/s: 489 rss: 465Mb L: 108/3286 MS: 1 EraseBytes-
#303692	REDUCE cov: 590 ft: 3106 corp: 406/88Kb lim: 4096 exec/s: 490 rss: 465Mb L: 413/3286 MS: 1 EraseBytes-
#303693	REDUCE cov: 590 ft: 3106 corp: 406/88Kb lim: 4096 exec/s: 490 rss: 465Mb L: 18/3286 MS: 1 EraseBytes-
#303995	REDUCE cov: 590 ft: 3106 corp: 406/88Kb lim: 4096 exec/s: 490 rss: 465Mb L: 2019/3286 MS: 2 ChangeBit-EraseBytes-
#306106	REDUCE cov: 590 ft: 3106 corp: 406/88Kb lim: 4096 exec/s: 490 rss: 465Mb L: 56/3286 MS: 1 EraseBytes-
#306497	REDUCE cov: 590 ft: 3106 corp: 406/88Kb lim: 4096 exec/s: 490 rss: 465Mb L: 31/3286 MS: 1 EraseBytes-
#314647	REDUCE cov: 590 ft: 3106 corp: 406/88Kb lim: 4096 exec/s: 490 rss: 465Mb L: 753/3286 MS: 5 InsertByte-EraseBytes-ChangeByte-ShuffleBytes-CrossOver-
#332773	REDUCE cov: 590 ft: 3106 corp: 406/88Kb lim: 4096 exec/s: 485 rss: 466Mb L: 40/3286 MS: 1 EraseBytes-
#339121	REDUCE cov: 590 ft: 3106 corp: 406/88Kb lim: 4096 exec/s: 483 rss: 466Mb L: 109/3286 MS: 3 ChangeBit-ChangeByte-EraseBytes-
#341794	REDUCE cov: 590 ft: 3106 corp: 406/88Kb lim: 4096 exec/s: 483 rss: 466Mb L: 39/3286 MS: 3 ShuffleBytes-EraseBytes-CopyPart-
#343510	REDUCE cov: 590 ft: 3106 corp: 406/88Kb lim: 4096 exec/s: 483 rss: 466Mb L: 95/3286 MS: 1 EraseBytes-
#357841	REDUCE cov: 590 ft: 3106 corp: 406/88Kb lim: 4096 exec/s: 482 rss: 466Mb L: 381/3286 MS: 1 EraseBytes-
#361422	REDUCE cov: 590 ft: 3106 corp: 406/88Kb lim: 4096 exec/s: 481 rss: 466Mb L: 739/3286 MS: 1 EraseBytes-
#363709	REDUCE cov: 590 ft: 3106 corp: 406/88Kb lim: 4096 exec/s: 482 rss: 466Mb L: 2742/3286 MS: 2 PersAutoDict-EraseBytes- DE: "\001\000\000\000\000\000\000\007"-
#363725	REDUCE cov: 590 ft: 3106 corp: 406/88Kb lim: 4096 exec/s: 481 rss: 466Mb L: 1113/3286 MS: 1 EraseBytes-
#369442	REDUCE cov: 590 ft: 3106 corp: 406/88Kb lim: 4096 exec/s: 482 rss: 466Mb L: 3124/3286 MS: 2 ChangeBit-EraseBytes-
#371843	REDUCE cov: 590 ft: 3106 corp: 406/88Kb lim: 4096 exec/s: 482 rss: 466Mb L: 279/3286 MS: 1 EraseBytes-
#377962	REDUCE cov: 590 ft: 3106 corp: 406/88Kb lim: 4096 exec/s: 480 rss: 467Mb L: 106/3286 MS: 4 ChangeByte-EraseBytes-ChangeByte-CopyPart-
#382023	REDUCE cov: 590 ft: 3106 corp: 406/88Kb lim: 4096 exec/s: 480 rss: 467Mb L: 55/3286 MS: 1 EraseBytes-
#382031	REDUCE cov: 590 ft: 3106 corp: 406/88Kb lim: 4096 exec/s: 480 rss: 467Mb L: 734/3286 MS: 3 EraseBytes-ChangeByte-CrossOver-
#385600	REDUCE cov: 590 ft: 3106 corp: 406/88Kb lim: 4096 exec/s: 479 rss: 467Mb L: 99/3286 MS: 4 ChangeByte-ShuffleBytes-InsertByte-EraseBytes-
#389444	REDUCE cov: 590 ft: 3106 corp: 406/88Kb lim: 4096 exec/s: 480 rss: 467Mb L: 40/3286 MS: 4 ShuffleBytes-ShuffleBytes-EraseBytes-CopyPart-
#393780	REDUCE cov: 590 ft: 3106 corp: 406/88Kb lim: 4096 exec/s: 479 rss: 469Mb L: 28/3286 MS: 1 EraseBytes-
#393941	REDUCE cov: 590 ft: 3106 corp: 406/88Kb lim: 4096 exec/s: 479 rss: 469Mb L: 1399/3286 MS: 1 EraseBytes-
#404542	REDUCE cov: 590 ft: 3106 corp: 406/88Kb lim: 4096 exec/s: 480 rss: 469Mb L: 50/3286 MS: 1 EraseBytes-
#409249	REDUCE cov: 590 ft: 3106 corp: 406/88Kb lim: 4096 exec/s: 479 rss: 469Mb L: 30/3286 MS: 2 ChangeBit-EraseBytes-
#413431	REDUCE cov: 590 ft: 3106 corp: 406/88Kb lim: 4096 exec/s: 478 rss: 469Mb L: 129/3286 MS: 2 CrossOver-EraseBytes-
#416042	REDUCE cov: 590 ft: 3106 corp: 406/88Kb lim: 4096 exec/s: 477 rss: 469Mb L: 45/3286 MS: 1 EraseBytes-
#422655	REDUCE cov: 590 ft: 3106 corp: 406/88Kb lim: 4096 exec/s: 475 rss: 469Mb L: 971/3286 MS: 3 ChangeBit-ChangeBinInt-EraseBytes-
#424875	REDUCE cov: 590 ft: 3106 corp: 406/88Kb lim: 4096 exec/s: 474 rss: 469Mb L: 6/3286 MS: 5 ChangeBit-ShuffleBytes-ShuffleBytes-ShuffleBytes-EraseBytes-
#427522	REDUCE cov: 590 ft: 3106 corp: 406/88Kb lim: 4096 exec/s: 473 rss: 470Mb L: 213/3286 MS: 2 PersAutoDict-EraseBytes- DE: "\001\000\000\000\000\000\000\007"-
#434866	REDUCE cov: 590 ft: 3106 corp: 406/88Kb lim: 4096 exec/s: 472 rss: 470Mb L: 40/3286 MS: 4 ChangeBit-EraseBytes-EraseBytes-CopyPart-
#436482	REDUCE cov: 590 ft: 3106 corp: 406/88Kb lim: 4096 exec/s: 472 rss: 470Mb L: 35/3286 MS: 1 EraseBytes-
#438485	REDUCE cov: 590 ft: 3106 corp: 406/88Kb lim: 4096 exec/s: 472 rss: 471Mb L: 9/3286 MS: 3 CopyPart-ChangeBit-EraseBytes-
#441472	REDUCE cov: 590 ft: 3106 corp: 406/88Kb lim: 4096 exec/s: 472 rss: 471Mb L: 1113/3286 MS: 2 PersAutoDict-EraseBytes- DE: "\001\000\000\000\000\000\000\007"-
#445876	REDUCE cov: 590 ft: 3106 corp: 406/88Kb lim: 4096 exec/s: 472 rss: 471Mb L: 730/3286 MS: 4 ShuffleBytes-ChangeASCIIInt-ChangeByte-EraseBytes-
#448747	REDUCE cov: 590 ft: 3106 corp: 406/88Kb lim: 4096 exec/s: 471 rss: 471Mb L: 59/3286 MS: 1 EraseBytes-
#449508	REDUCE cov: 590 ft: 3106 corp: 406/88Kb lim: 4096 exec/s: 471 rss: 471Mb L: 157/3286 MS: 1 EraseBytes-
#453465	REDUCE cov: 590 ft: 3106 corp: 406/88Kb lim: 4096 exec/s: 471 rss: 471Mb L: 20/3286 MS: 2 CMP-EraseBytes- DE: "\003\000\000\000\000\000\000\000"-
#455757	REDUCE cov: 590 ft: 3106 corp: 406/88Kb lim: 4096 exec/s: 471 rss: 471Mb L: 260/3286 MS: 2 ChangeByte-EraseBytes-
#456748	REDUCE cov: 590 ft: 3106 corp: 406/88Kb lim: 4096 exec/s: 470 rss: 471Mb L: 79/3286 MS: 1 EraseBytes-
#462853	REDUCE cov: 590 ft: 3106 corp: 406/88Kb lim: 4096 exec/s: 470 rss: 471Mb L: 3098/3124 MS: 5 PersAutoDict-PersAutoDict-EraseBytes-InsertByte-CrossOver- DE: "\003\000\000\000\000\000\000\000"-"\001\000\000\000\000\000\000\020"-
#483089	REDUCE cov: 590 ft: 3106 corp: 406/88Kb lim: 4096 exec/s: 468 rss: 471Mb L: 104/3124 MS: 1 EraseBytes-
#489451	REDUCE cov: 590 ft: 3106 corp: 406/88Kb lim: 4096 exec/s: 467 rss: 471Mb L: 6/3124 MS: 2 ChangeByte-EraseBytes-
#489848	REDUCE cov: 590 ft: 3106 corp: 406/88Kb lim: 4096 exec/s: 467 rss: 471Mb L: 51/3124 MS: 2 ChangeByte-EraseBytes-
#492050	REDUCE cov: 590 ft: 3106 corp: 406/88Kb lim: 4096 exec/s: 467 rss: 472Mb L: 1649/3124 MS: 2 InsertByte-EraseBytes-
#496308	REDUCE cov: 590 ft: 3106 corp: 406/88Kb lim: 4096 exec/s: 467 rss: 472Mb L: 297/3124 MS: 3 CopyPart-ChangeByte-EraseBytes-
#496339	REDUCE cov: 590 ft: 3106 corp: 406/88Kb lim: 4096 exec/s: 467 rss: 472Mb L: 39/3124 MS: 1 EraseBytes-
#496675	REDUCE cov: 590 ft: 3106 corp: 406/88Kb lim: 4096 exec/s: 467 rss: 472Mb L: 28/3124 MS: 1 EraseBytes-
#498236	REDUCE cov: 590 ft: 3106 corp: 406/88Kb lim: 4096 exec/s: 467 rss: 474Mb L: 40/3124 MS: 1 EraseBytes-
#498734	REDUCE cov: 590 ft: 3106 corp: 406/88Kb lim: 4096 exec/s: 467 rss: 474Mb L: 136/3124 MS: 3 CopyPart-InsertByte-EraseBytes-
#501005	REDUCE cov: 590 ft: 3106 corp: 406/88Kb lim: 4096 exec/s: 467 rss: 474Mb L: 381/3124 MS: 1 EraseBytes-
#504391	REDUCE cov: 590 ft: 3106 corp: 406/88Kb lim: 4096 exec/s: 467 rss: 475Mb L: 566/3124 MS: 1 EraseBytes-
#505337	REDUCE cov: 590 ft: 3106 corp: 406/88Kb lim: 4096 exec/s: 466 rss: 475Mb L: 13/3124 MS: 1 EraseBytes-
#511813	REDUCE cov: 590 ft: 3106 corp: 406/88Kb lim: 4096 exec/s: 464 rss: 475Mb L: 963/3124 MS: 1 EraseBytes-
#516179	REDUCE cov: 590 ft: 3106 corp: 406/88Kb lim: 4096 exec/s: 463 rss: 476Mb L: 82/3124 MS: 1 EraseBytes-
#516881	REDUCE cov: 590 ft: 3106 corp: 406/88Kb lim: 4096 exec/s: 463 rss: 476Mb L: 380/3124 MS: 2 InsertByte-EraseBytes-
#517127	REDUCE cov: 590 ft: 3106 corp: 406/88Kb lim: 4096 exec/s: 464 rss: 476Mb L: 24/3124 MS: 1 EraseBytes-
#519129	REDUCE cov: 590 ft: 3106 corp: 406/88Kb lim: 4096 exec/s: 463 rss: 476Mb L: 719/3124 MS: 2 PersAutoDict-EraseBytes- DE: "\001\000\000\000\000\000\000\020"-
#523198	REDUCE cov: 590 ft: 3106 corp: 406/88Kb lim: 4096 exec/s: 464 rss: 476Mb L: 1336/3124 MS: 4 EraseBytes-ChangeBit-ChangeASCIIInt-CopyPart-
#524288	pulse  cov: 590 ft: 3106 corp: 406/88Kb lim: 4096 exec/s: 463 rss: 476Mb
#526317	REDUCE cov: 590 ft: 3106 corp: 406/88Kb lim: 4096 exec/s: 462 rss: 476Mb L: 3108/3108 MS: 4 CopyPart-ChangeBit-ShuffleBytes-EraseBytes-
#531909	REDUCE cov: 590 ft: 3106 corp: 406/88Kb lim: 4096 exec/s: 461 rss: 476Mb L: 377/3108 MS: 2 CrossOver-EraseBytes-
#534435	REDUCE cov: 590 ft: 3106 corp: 406/88Kb lim: 4096 exec/s: 461 rss: 476Mb L: 22/3108 MS: 1 EraseBytes-
#538871	REDUCE cov: 590 ft: 3106 corp: 406/88Kb lim: 4096 exec/s: 462 rss: 476Mb L: 245/3108 MS: 1 EraseBytes-
#539612	REDUCE cov: 590 ft: 3106 corp: 406/88Kb lim: 4096 exec/s: 461 rss: 476Mb L: 17/3108 MS: 1 EraseBytes-
#549000	REDUCE cov: 590 ft: 3106 corp: 406/88Kb lim: 4096 exec/s: 462 rss: 476Mb L: 179/3108 MS: 3 InsertByte-ShuffleBytes-EraseBytes-
#550982	REDUCE cov: 590 ft: 3106 corp: 406/88Kb lim: 4096 exec/s: 461 rss: 476Mb L: 47/3108 MS: 2 CopyPart-EraseBytes-
#554368	REDUCE cov: 590 ft: 3106 corp: 406/88Kb lim: 4096 exec/s: 461 rss: 476Mb L: 958/3108 MS: 1 EraseBytes-
#557287	REDUCE cov: 590 ft: 3106 corp: 406/88Kb lim: 4096 exec/s: 460 rss: 476Mb L: 1311/3108 MS: 4 ChangeByte-InsertByte-CrossOver-EraseBytes-
#558598	REDUCE cov: 590 ft: 3106 corp: 406/88Kb lim: 4096 exec/s: 460 rss: 476Mb L: 15/3108 MS: 1 EraseBytes-
#559554	REDUCE cov: 590 ft: 3106 corp: 406/88Kb lim: 4096 exec/s: 460 rss: 476Mb L: 692/3108 MS: 1 EraseBytes-
#568390	REDUCE cov: 590 ft: 3106 corp: 406/88Kb lim: 4096 exec/s: 460 rss: 476Mb L: 54/3108 MS: 1 EraseBytes-
#573361	REDUCE cov: 590 ft: 3106 corp: 406/88Kb lim: 4096 exec/s: 461 rss: 476Mb L: 23/3108 MS: 1 EraseBytes-
#574819	REDUCE cov: 590 ft: 3106 corp: 406/88Kb lim: 4096 exec/s: 461 rss: 476Mb L: 721/3108 MS: 3 ShuffleBytes-ChangeASCIIInt-EraseBytes-
#577371	REDUCE cov: 590 ft: 3106 corp: 406/88Kb lim: 4096 exec/s: 461 rss: 476Mb L: 23/3108 MS: 2 ChangeBinInt-EraseBytes-
#578827	REDUCE cov: 590 ft: 3106 corp: 406/88Kb lim: 4096 exec/s: 461 rss: 476Mb L: 830/3108 MS: 1 EraseBytes-
#579598	REDUCE cov: 590 ft: 3106 corp: 406/88Kb lim: 4096 exec/s: 461 rss: 476Mb L: 27/3108 MS: 1 EraseBytes-
#587217	REDUCE cov: 590 ft: 3106 corp: 406/88Kb lim: 4096 exec/s: 461 rss: 476Mb L: 14/3108 MS: 4 CopyPart-ChangeBinInt-ShuffleBytes-EraseBytes-
#592645	REDUCE cov: 590 ft: 3106 corp: 406/88Kb lim: 4096 exec/s: 460 rss: 476Mb L: 808/3108 MS: 3 ShuffleBytes-CopyPart-EraseBytes-
#594946	REDUCE cov: 590 ft: 3106 corp: 406/88Kb lim: 4096 exec/s: 460 rss: 476Mb L: 21/3108 MS: 1 EraseBytes-
#602152	REDUCE cov: 590 ft: 3106 corp: 406/88Kb lim: 4096 exec/s: 460 rss: 476Mb L: 78/3108 MS: 1 EraseBytes-
#605708	REDUCE cov: 590 ft: 3106 corp: 406/88Kb lim: 4096 exec/s: 459 rss: 476Mb L: 375/3108 MS: 1 EraseBytes-
#613274	REDUCE cov: 590 ft: 3106 corp: 406/88Kb lim: 4096 exec/s: 460 rss: 476Mb L: 15/3108 MS: 1 EraseBytes-
#614554	REDUCE cov: 590 ft: 3106 corp: 406/88Kb lim: 4096 exec/s: 460 rss: 476Mb L: 558/3108 MS: 5 CrossOver-InsertByte-EraseBytes-CopyPart-ChangeBinInt-
#616036	REDUCE cov: 590 ft: 3106 corp: 406/88Kb lim: 4096 exec/s: 460 rss: 476Mb L: 785/3108 MS: 2 ShuffleBytes-EraseBytes-
#618463	REDUCE cov: 590 ft: 3106 corp: 406/88Kb lim: 4096 exec/s: 460 rss: 476Mb L: 39/3108 MS: 2 CrossOver-EraseBytes-
#627524	REDUCE cov: 590 ft: 3106 corp: 406/88Kb lim: 4096 exec/s: 460 rss: 476Mb L: 278/3108 MS: 1 EraseBytes-
#627750	REDUCE cov: 590 ft: 3106 corp: 406/88Kb lim: 4096 exec/s: 460 rss: 476Mb L: 32/3108 MS: 1 EraseBytes-
#628762	REDUCE cov: 590 ft: 3106 corp: 406/88Kb lim: 4096 exec/s: 460 rss: 476Mb L: 38/3108 MS: 2 ChangeByte-EraseBytes-
#629728	REDUCE cov: 590 ft: 3106 corp: 406/88Kb lim: 4096 exec/s: 460 rss: 476Mb L: 20/3108 MS: 1 EraseBytes-
#633169	REDUCE cov: 590 ft: 3106 corp: 406/88Kb lim: 4096 exec/s: 460 rss: 476Mb L: 31/3108 MS: 1 EraseBytes-
#639295	REDUCE cov: 590 ft: 3106 corp: 406/88Kb lim: 4096 exec/s: 461 rss: 476Mb L: 76/3108 MS: 1 EraseBytes-
#639846	REDUCE cov: 590 ft: 3106 corp: 406/88Kb lim: 4096 exec/s: 460 rss: 476Mb L: 13/3108 MS: 1 EraseBytes-
#645832	REDUCE cov: 590 ft: 3106 corp: 406/88Kb lim: 4096 exec/s: 459 rss: 476Mb L: 31/3108 MS: 1 EraseBytes-
#646375	REDUCE cov: 590 ft: 3106 corp: 406/88Kb lim: 4096 exec/s: 460 rss: 476Mb L: 19/3108 MS: 3 ChangeBinInt-ChangeBinInt-EraseBytes-
#654342	REDUCE cov: 590 ft: 3106 corp: 406/88Kb lim: 4096 exec/s: 460 rss: 476Mb L: 68/3108 MS: 2 InsertByte-EraseBytes-
#655411	REDUCE cov: 590 ft: 3106 corp: 406/88Kb lim: 4096 exec/s: 460 rss: 476Mb L: 132/3108 MS: 4 EraseBytes-ChangeBit-ChangeBit-CopyPart-
#656010	REDUCE cov: 590 ft: 3106 corp: 406/88Kb lim: 4096 exec/s: 461 rss: 476Mb L: 129/3108 MS: 4 ChangeByte-ChangeBinInt-ChangeBit-EraseBytes-
#657248	REDUCE cov: 590 ft: 3106 corp: 406/88Kb lim: 4096 exec/s: 460 rss: 476Mb L: 3029/3108 MS: 2 ChangeBit-EraseBytes-
#658481	REDUCE cov: 590 ft: 3106 corp: 406/88Kb lim: 4096 exec/s: 460 rss: 476Mb L: 18/3108 MS: 2 ChangeBit-EraseBytes-
#659159	REDUCE cov: 590 ft: 3106 corp: 406/88Kb lim: 4096 exec/s: 460 rss: 476Mb L: 133/3108 MS: 3 ChangeBinInt-CopyPart-EraseBytes-
#664455	REDUCE cov: 590 ft: 3106 corp: 406/88Kb lim: 4096 exec/s: 461 rss: 476Mb L: 10/3108 MS: 1 EraseBytes-
#665203	REDUCE cov: 590 ft: 3106 corp: 406/88Kb lim: 4096 exec/s: 461 rss: 476Mb L: 104/3108 MS: 3 PersAutoDict-ChangeBinInt-EraseBytes- DE: "\001\000\000\000\000\000\000\007"-
#672547	REDUCE cov: 590 ft: 3106 corp: 406/88Kb lim: 4096 exec/s: 461 rss: 476Mb L: 1175/3108 MS: 4 ChangeByte-ChangeBit-InsertByte-EraseBytes-
#686333	REDUCE cov: 590 ft: 3106 corp: 406/88Kb lim: 4096 exec/s: 459 rss: 476Mb L: 2015/3108 MS: 1 EraseBytes-
#686965	REDUCE cov: 590 ft: 3106 corp: 406/88Kb lim: 4096 exec/s: 459 rss: 476Mb L: 684/3108 MS: 2 ChangeASCIIInt-EraseBytes-
#688412	REDUCE cov: 590 ft: 3106 corp: 406/88Kb lim: 4096 exec/s: 459 rss: 476Mb L: 373/3108 MS: 2 ShuffleBytes-EraseBytes-
#689224	REDUCE cov: 590 ft: 3106 corp: 406/88Kb lim: 4096 exec/s: 459 rss: 477Mb L: 960/3108 MS: 2 InsertByte-EraseBytes-
#689791	REDUCE cov: 590 ft: 3106 corp: 406/88Kb lim: 4096 exec/s: 459 rss: 478Mb L: 232/3108 MS: 2 ChangeBinInt-EraseBytes-
#695871	REDUCE cov: 590 ft: 3106 corp: 406/87Kb lim: 4096 exec/s: 459 rss: 478Mb L: 1394/3108 MS: 5 ChangeBit-CopyPart-CMP-CopyPart-EraseBytes- DE: "\000\000\021\000"-
#698097	REDUCE cov: 590 ft: 3106 corp: 406/87Kb lim: 4096 exec/s: 458 rss: 478Mb L: 195/3108 MS: 1 EraseBytes-
#701809	REDUCE cov: 590 ft: 3106 corp: 406/87Kb lim: 4096 exec/s: 458 rss: 478Mb L: 367/3108 MS: 2 InsertByte-EraseBytes-
#708044	REDUCE cov: 590 ft: 3106 corp: 406/87Kb lim: 4096 exec/s: 458 rss: 478Mb L: 125/3108 MS: 5 CopyPart-CMP-InsertByte-CopyPart-EraseBytes- DE: "\000\001"-
#709861	REDUCE cov: 590 ft: 3106 corp: 406/87Kb lim: 4096 exec/s: 458 rss: 478Mb L: 49/3108 MS: 2 CopyPart-EraseBytes-
#715127	REDUCE cov: 590 ft: 3106 corp: 406/87Kb lim: 4096 exec/s: 457 rss: 478Mb L: 28/3108 MS: 1 EraseBytes-
#715963	REDUCE cov: 590 ft: 3106 corp: 406/87Kb lim: 4096 exec/s: 457 rss: 478Mb L: 156/3108 MS: 1 EraseBytes-
#728166	REDUCE cov: 590 ft: 3106 corp: 406/87Kb lim: 4096 exec/s: 457 rss: 478Mb L: 49/3108 MS: 3 ShuffleBytes-ChangeBit-EraseBytes-
#731565	REDUCE cov: 590 ft: 3106 corp: 406/87Kb lim: 4096 exec/s: 456 rss: 478Mb L: 359/3108 MS: 4 CMP-ShuffleBytes-ShuffleBytes-EraseBytes- DE: ";\000"-
#732761	REDUCE cov: 590 ft: 3106 corp: 406/87Kb lim: 4096 exec/s: 455 rss: 478Mb L: 127/3108 MS: 1 EraseBytes-
#739802	REDUCE cov: 590 ft: 3106 corp: 406/87Kb lim: 4096 exec/s: 454 rss: 478Mb L: 18/3108 MS: 1 EraseBytes-
#742170	REDUCE cov: 590 ft: 3106 corp: 406/87Kb lim: 4096 exec/s: 455 rss: 478Mb L: 2383/3108 MS: 3 EraseBytes-ShuffleBytes-CopyPart-
#746876	REDUCE cov: 590 ft: 3106 corp: 406/87Kb lim: 4096 exec/s: 454 rss: 478Mb L: 43/3108 MS: 1 EraseBytes-
#749307	REDUCE cov: 590 ft: 3106 corp: 406/87Kb lim: 4096 exec/s: 454 rss: 478Mb L: 29/3108 MS: 1 EraseBytes-
#750968	REDUCE cov: 590 ft: 3106 corp: 406/87Kb lim: 4096 exec/s: 454 rss: 478Mb L: 24/3108 MS: 1 EraseBytes-
#751254	REDUCE cov: 590 ft: 3106 corp: 406/87Kb lim: 4096 exec/s: 454 rss: 478Mb L: 51/3108 MS: 1 EraseBytes-
#772005	REDUCE cov: 590 ft: 3106 corp: 406/87Kb lim: 4096 exec/s: 451 rss: 480Mb L: 34/3108 MS: 1 EraseBytes-
#777611	REDUCE cov: 590 ft: 3106 corp: 406/87Kb lim: 4096 exec/s: 452 rss: 480Mb L: 44/3108 MS: 1 EraseBytes-
#783788	REDUCE cov: 590 ft: 3106 corp: 406/87Kb lim: 4096 exec/s: 451 rss: 480Mb L: 145/3108 MS: 2 ChangeBit-EraseBytes-
#796260	REDUCE cov: 590 ft: 3106 corp: 406/87Kb lim: 4096 exec/s: 450 rss: 480Mb L: 181/3108 MS: 2 EraseBytes-CMP- DE: "\377\377\377\377\377\377\377\005"-
#798181	REDUCE cov: 590 ft: 3106 corp: 406/87Kb lim: 4096 exec/s: 450 rss: 480Mb L: 11/3108 MS: 1 EraseBytes-
#800987	REDUCE cov: 590 ft: 3106 corp: 406/87Kb lim: 4096 exec/s: 450 rss: 480Mb L: 125/3108 MS: 1 EraseBytes-
#801703	REDUCE cov: 590 ft: 3106 corp: 406/87Kb lim: 4096 exec/s: 450 rss: 480Mb L: 39/3108 MS: 1 EraseBytes-
#802004	REDUCE cov: 590 ft: 3106 corp: 406/87Kb lim: 4096 exec/s: 450 rss: 480Mb L: 36/3108 MS: 1 EraseBytes-
#804566	REDUCE cov: 590 ft: 3106 corp: 406/87Kb lim: 4096 exec/s: 450 rss: 480Mb L: 30/3108 MS: 2 EraseBytes-CopyPart-
#809463	REDUCE cov: 590 ft: 3106 corp: 406/87Kb lim: 4096 exec/s: 449 rss: 480Mb L: 44/3108 MS: 2 ShuffleBytes-EraseBytes-
#809523	DONE   cov: 590 ft: 3106 corp: 406/87Kb lim: 4096 exec/s: 449 rss: 480Mb
###### Recommended dictionary. ######
"\001\000\000\000\000\000\000\020" # Uses: 23539
"\377\377\377\377\377\377\013\213" # Uses: 22824
"\001\000\000\000\000\000\000\007" # Uses: 12214
"\003\000\000\000\000\000\000\000" # Uses: 6844
"\000\000\021\000" # Uses: 1677
"\000\001" # Uses: 1426
";\000" # Uses: 1056
"\377\377\377\377\377\377\377\005" # Uses: 120
###### End of recommended dictionary. ######
Done 809523 runs in 1801 second(s)
stat::number_of_executed_units: 809523
stat::average_exec_per_sec:     449
stat::new_units_added:          227
stat::slowest_unit_time_sec:    0
stat::peak_rss_mb:              480
